---
source: minijinja/tests/test_templates.rs
expression: "&rendered"
input_file: minijinja/tests/inputs/list.txt

---
3

=====

Template {
    name: "list.txt",
    instructions: [
        00000 | LOAD_CONST (value 1)   [list.txt:1],
        00001 | LOAD_CONST (value 2)   [list.txt:1],
        00002 | LOAD_CONST (value 3)   [list.txt:1],
        00003 | BUILD_LIST (3 items)   [list.txt:1],
        00004 | BUILD_LIST (0 items)   [list.txt:1],
        00005 | APPLY_FILTER (name "length")   [list.txt:1],
        00006 | EMIT   [list.txt:1],
        00007 | EMIT_RAW (string "\n")   [list.txt:1],
    ],
    blocks: {},
    initial_auto_escape: None,
}
