---
source: minijinja/tests/test_compiler.rs
expression: "&c"

---
Compiler {
    instructions: [
        00000 | LOOKUP (var "items")  [line 0],
        00001 | PUSH_LOOP (loop var: true, recursive: false),
        00002 | ITERATE (exit to 00005),
        00003 | EMIT,
        00004 | JUMP (to 00002),
        00005 | POP_FRAME,
        00006 | EMIT_RAW (string "!"),
    ],
    blocks: {},
    pending_block: [],
    current_line: 0,
}
