---
source: minijinja/tests/test_templates.rs
expression: "&rendered"
input_file: minijinja/tests/inputs/filters.txt

---
lower: bird
upper: BIRD
replace: third
escape: &lt;
e: &lt;
double-escape: &lt;
safe: <
list-length: 3
map-length: 2
string-length: 4
string-count: 4
reverse-list: 3, 2, 1
reverse-string: driB
trim: |Spacebird|
trim-bird: ir
join-default: 123
join-pipe: 1|2|3
join_string: B-i-r-d
default: true
default-value: 42
d: true
json: {"a":"b","c":"d"}
json-pretty: {
  "a": "b",
  "c": "d"
}
json-scary-html: "\u003c\u003e\u0026\u0027"
urlencode: hello%20world/baz
urlencode-kv: a=x%20y&b=2&c=3

=====

Template {
    name: "filters.txt",
    instructions: [
        00000 | EMIT_RAW (string "lower: ")  [line 1],
        00001 | LOOKUP (var "word"),
        00002 | BUILD_LIST (0 items),
        00003 | APPLY_FILTER (name "lower"),
        00004 | EMIT,
        00005 | EMIT_RAW (string "\nupper: "),
        00006 | LOOKUP (var "word")  [line 2],
        00007 | BUILD_LIST (0 items),
        00008 | APPLY_FILTER (name "upper"),
        00009 | EMIT,
        0000a | EMIT_RAW (string "\nreplace: "),
        0000b | LOOKUP (var "word")  [line 3],
        0000c | LOAD_CONST (value "B"),
        0000d | LOAD_CONST (value "th"),
        0000e | BUILD_LIST (2 items),
        0000f | APPLY_FILTER (name "replace"),
        00010 | EMIT,
        00011 | EMIT_RAW (string "\nescape: "),
        00012 | LOAD_CONST (value "<")  [line 4],
        00013 | BUILD_LIST (0 items),
        00014 | APPLY_FILTER (name "escape"),
        00015 | EMIT,
        00016 | EMIT_RAW (string "\ne: "),
        00017 | LOAD_CONST (value "<")  [line 5],
        00018 | BUILD_LIST (0 items),
        00019 | APPLY_FILTER (name "e"),
        0001a | EMIT,
        0001b | EMIT_RAW (string "\ndouble-escape: "),
        0001c | LOAD_CONST (value "<")  [line 6],
        0001d | BUILD_LIST (0 items),
        0001e | APPLY_FILTER (name "escape"),
        0001f | BUILD_LIST (0 items),
        00020 | APPLY_FILTER (name "escape"),
        00021 | EMIT,
        00022 | EMIT_RAW (string "\nsafe: "),
        00023 | LOAD_CONST (value "<")  [line 7],
        00024 | BUILD_LIST (0 items),
        00025 | APPLY_FILTER (name "safe"),
        00026 | BUILD_LIST (0 items),
        00027 | APPLY_FILTER (name "escape"),
        00028 | EMIT,
        00029 | EMIT_RAW (string "\nlist-length: "),
        0002a | LOOKUP (var "list")  [line 8],
        0002b | BUILD_LIST (0 items),
        0002c | APPLY_FILTER (name "length"),
        0002d | EMIT,
        0002e | EMIT_RAW (string "\nmap-length: "),
        0002f | LOOKUP (var "map")  [line 9],
        00030 | BUILD_LIST (0 items),
        00031 | APPLY_FILTER (name "length"),
        00032 | EMIT,
        00033 | EMIT_RAW (string "\nstring-length: "),
        00034 | LOOKUP (var "word")  [line 10],
        00035 | BUILD_LIST (0 items),
        00036 | APPLY_FILTER (name "length"),
        00037 | EMIT,
        00038 | EMIT_RAW (string "\nstring-count: "),
        00039 | LOOKUP (var "word")  [line 11],
        0003a | BUILD_LIST (0 items),
        0003b | APPLY_FILTER (name "count"),
        0003c | EMIT,
        0003d | EMIT_RAW (string "\nreverse-list: "),
        0003e | LOOKUP (var "list")  [line 12],
        0003f | BUILD_LIST (0 items),
        00040 | APPLY_FILTER (name "reverse"),
        00041 | EMIT,
        00042 | EMIT_RAW (string "\nreverse-string: "),
        00043 | LOOKUP (var "word")  [line 13],
        00044 | BUILD_LIST (0 items),
        00045 | APPLY_FILTER (name "reverse"),
        00046 | EMIT,
        00047 | EMIT_RAW (string "\ntrim: |"),
        00048 | LOOKUP (var "word_with_spaces")  [line 14],
        00049 | BUILD_LIST (0 items),
        0004a | APPLY_FILTER (name "trim"),
        0004b | EMIT,
        0004c | EMIT_RAW (string "|\ntrim-bird: "),
        0004d | LOOKUP (var "word")  [line 15],
        0004e | LOAD_CONST (value "Bd"),
        0004f | BUILD_LIST (1 items),
        00050 | APPLY_FILTER (name "trim"),
        00051 | EMIT,
        00052 | EMIT_RAW (string "\njoin-default: "),
        00053 | LOOKUP (var "list")  [line 16],
        00054 | BUILD_LIST (0 items),
        00055 | APPLY_FILTER (name "join"),
        00056 | EMIT,
        00057 | EMIT_RAW (string "\njoin-pipe: "),
        00058 | LOOKUP (var "list")  [line 17],
        00059 | LOAD_CONST (value "|"),
        0005a | BUILD_LIST (1 items),
        0005b | APPLY_FILTER (name "join"),
        0005c | EMIT,
        0005d | EMIT_RAW (string "\njoin_string: "),
        0005e | LOOKUP (var "word")  [line 18],
        0005f | LOAD_CONST (value "-"),
        00060 | BUILD_LIST (1 items),
        00061 | APPLY_FILTER (name "join"),
        00062 | EMIT,
        00063 | EMIT_RAW (string "\ndefault: "),
        00064 | LOOKUP (var "undefined")  [line 19],
        00065 | BUILD_LIST (0 items),
        00066 | APPLY_FILTER (name "default"),
        00067 | LOAD_CONST (value ""),
        00068 | EQ,
        00069 | EMIT,
        0006a | EMIT_RAW (string "\ndefault-value: "),
        0006b | LOOKUP (var "undefined")  [line 20],
        0006c | LOAD_CONST (value 42),
        0006d | BUILD_LIST (1 items),
        0006e | APPLY_FILTER (name "default"),
        0006f | EMIT,
        00070 | EMIT_RAW (string "\nd: "),
        00071 | LOOKUP (var "undefined")  [line 21],
        00072 | BUILD_LIST (0 items),
        00073 | APPLY_FILTER (name "d"),
        00074 | LOAD_CONST (value ""),
        00075 | EQ,
        00076 | EMIT,
        00077 | EMIT_RAW (string "\njson: "),
        00078 | LOOKUP (var "map")  [line 22],
        00079 | BUILD_LIST (0 items),
        0007a | APPLY_FILTER (name "tojson"),
        0007b | EMIT,
        0007c | EMIT_RAW (string "\njson-pretty: "),
        0007d | LOOKUP (var "map")  [line 23],
        0007e | LOAD_CONST (value true),
        0007f | BUILD_LIST (1 items),
        00080 | APPLY_FILTER (name "tojson"),
        00081 | EMIT,
        00082 | EMIT_RAW (string "\njson-scary-html: "),
        00083 | LOOKUP (var "scary_html")  [line 24],
        00084 | BUILD_LIST (0 items),
        00085 | APPLY_FILTER (name "tojson"),
        00086 | EMIT,
        00087 | EMIT_RAW (string "\nurlencode: "),
        00088 | LOAD_CONST (value "hello world/baz")  [line 25],
        00089 | BUILD_LIST (0 items),
        0008a | APPLY_FILTER (name "urlencode"),
        0008b | EMIT,
        0008c | EMIT_RAW (string "\nurlencode-kv: "),
        0008d | LOAD_CONST (value "a")  [line 26],
        0008e | LOAD_CONST (value "x y"),
        0008f | LOAD_CONST (value "b"),
        00090 | LOAD_CONST (value 2),
        00091 | LOAD_CONST (value "c"),
        00092 | LOAD_CONST (value 3),
        00093 | BUILD_MAP (3 pairs),
        00094 | BUILD_LIST (1 items),
        00095 | CALL_FUNCTION (name "dict"),
        00096 | BUILD_LIST (0 items),
        00097 | APPLY_FILTER (name "urlencode"),
        00098 | EMIT,
        00099 | EMIT_RAW (string "\n"),
    ],
    blocks: {},
    initial_auto_escape: None,
}
