---
source: minijinja/tests/test_templates.rs
expression: "&rendered"
input_file: minijinja/tests/inputs/if_cond_elif.txt

---

  else


=====

Template {
    name: "if_cond_elif.txt",
    instructions: [
        00000 | LOOKUP (var "value")   [if_cond_elif.txt:1],
        00001 | JUMP_IF_FALSE (to 00004)   [if_cond_elif.txt:1],
        00002 | EMIT_RAW (string "\n  first branch\n")   [if_cond_elif.txt:1],
        00003 | JUMP (to 00009)   [if_cond_elif.txt:1],
        00004 | LOOKUP (var "other_value")   [if_cond_elif.txt:3],
        00005 | JUMP_IF_FALSE (to 00008)   [if_cond_elif.txt:3],
        00006 | EMIT_RAW (string "\n  second branch\n")   [if_cond_elif.txt:3],
        00007 | JUMP (to 00009)   [if_cond_elif.txt:3],
        00008 | EMIT_RAW (string "\n  else\n")   [if_cond_elif.txt:5],
        00009 | EMIT_RAW (string "\n")   [if_cond_elif.txt:7],
    ],
    blocks: {},
    initial_auto_escape: None,
}
