---
source: minijinja/tests/test_lexer.rs
description: "{{ with_int(42, -42) }}\n{{ with_float(1.5, -1.5) }}\n{{ with_string(\"string\") }}"
input_file: minijinja/tests/lexer-inputs/things.txt
---
VariableStart(false)
Ident("with_int")
ParenOpen
Int(42)
Comma
Minus
Int(42)
ParenClose
VariableEnd(false)
TemplateData("\n")
VariableStart(false)
Ident("with_float")
ParenOpen
Float(1.5)
Comma
Minus
Float(1.5)
ParenClose
VariableEnd(false)
TemplateData("\n")
VariableStart(false)
Ident("with_string")
ParenOpen
Str("string")
ParenClose
VariableEnd(false)

