---
source: minijinja/tests/test_parser.rs
description: "{% block foo bar"
input_file: minijinja/tests/parser-inputs/err_open_block.txt
---
Err(
    Error {
        kind: SyntaxError,
        detail: Some(
            "unexpected identifier, expected end of block",
        ),
        name: Some(
            "err_open_block.txt",
        ),
        lineno: 1,
        source: None,
    },
)
