---
source: minijinja/tests/test_templates.rs
description: "{% for a in seq %}\n  This fails in the include: {% include \"a_plus_b.txt\" %}\n{% endfor %}"
info:
  b: []
  seq:
    - 1
    - 2
    - 3
input_file: minijinja/tests/inputs/err_in_include.txt
---
!!!ERROR!!!

Error {
    kind: BadInclude,
    detail: "happend in \"a_plus_b.txt\"",
    name: "err_in_include.txt",
    line: 2,
    source: Error {
        kind: ImpossibleOperation,
        detail: "tried to use + operator on unsupported types number and sequence",
        name: "a_plus_b.txt",
        line: 1,
    },
}

could not render an included template: happend in "a_plus_b.txt" (in err_in_include.txt:2)
---------------------------- Template Source -----------------------------
   1 | {% for a in seq %}
   2 >   This fails in the include: {% include "a_plus_b.txt" %}
     i                                 ^^^^^^^^^^^^^^^^^^^^^^ could not render an included template
   3 | {% endfor %}
--------------------------------------------------------------------------
Referenced variables: {
    a: 1,
    loop: LoopState {
        index0: 0,
        index: 1,
        length: 3,
        revindex: 3,
        revindex0: 2,
        first: true,
        last: false,
        depth: 1,
        depth0: 0,
    },
    seq: [
        1,
        2,
        3,
    ],
}
--------------------------------------------------------------------------

caused by: impossible operation: tried to use + operator on unsupported types number and sequence (in a_plus_b.txt:1)
---------------------------- Template Source -----------------------------
   1 > This template adds b to a: {{ a + b }}
     i                               ^^^^^ impossible operation
--------------------------------------------------------------------------
Referenced variables: {
    b: [],
    a: 1,
}
--------------------------------------------------------------------------

