---
source: minijinja/tests/test_templates.rs
description: "<ul>\n{% for a, b in seq %}\n  <li>{{ a }}: {{ b }}\n{% endfor %}\n</ul>"
info:
  seq:
    - - 1
      - 2
      - 3
    - - 2
      - 3
      - 4
    - - 3
      - 4
      - 5
input_file: minijinja/tests/inputs/loop_bad_unpacking_wrong_len.txt
---
!!!ERROR!!!

Error {
    kind: CannotUnpack,
    detail: "sequence of wrong length (expected 2, got 3)",
    name: "loop_bad_unpacking_wrong_len.txt",
    line: 2,
}

cannot unpack: sequence of wrong length (expected 2, got 3) (in loop_bad_unpacking_wrong_len.txt:2)
---------------------------- Template Source -----------------------------
   1 | <ul>
   2 > {% for a, b in seq %}
     i        ^^^^ cannot unpack
   3 |   <li>{{ a }}: {{ b }}
   4 | {% endfor %}
   5 | </ul>
--------------------------------------------------------------------------
Referenced variables: {
    loop: LoopState {
        index0: 0,
        index: 1,
        length: 3,
        revindex: 3,
        revindex0: 2,
        first: true,
        last: false,
        depth: 1,
        depth0: 0,
    },
    seq: [
        [
            1,
            2,
            3,
        ],
        [
            2,
            3,
            4,
        ],
        [
            3,
            4,
            5,
        ],
    ],
}
--------------------------------------------------------------------------

