---
source: minijinja/tests/test_templates.rs
description: "{{ [1, 2, 3]|tojson }}\n{{ [1, 2, 3]|tojson(true) }}\n{{ [1, 2, 3]|tojson(indent=4) }}\n{{ [1, 2, 3]|tojson(1) }}\n{{ [1, 2, 3]|tojson(8) }}"
info: {}
input_file: minijinja/tests/inputs/tojson.txt
---
[1,2,3]
[
  1,
  2,
  3
]
[
    1,
    2,
    3
]
[
 1,
 2,
 3
]
[
        1,
        2,
        3
]
