---
source: minijinja/tests/test_templates.rs
expression: "&rendered"
input_file: minijinja/tests/inputs/loop_bad_unpacking.txt

---
!!!ERROR!!!

Error { kind: ImpossibleOperation, detail: Some("cannot unpack: not a sequence"), name: Some("loop_bad_unpacking.txt"), lineno: 2, source: Some(Error { kind: ImpossibleOperation, detail: Some("cannot convert value into list"), name: None, lineno: 0, source: None }) }


