---
source: minijinja/tests/test_lexer.rs
description: "{{ (!a + b) * (c - d) / e % f // g ~ h }}"
input_file: minijinja/tests/lexer-inputs/operators.txt
---
VariableStart(false)
ParenOpen
Bang
Ident("a")
Plus
Ident("b")
ParenClose
Mul
ParenOpen
Ident("c")
Minus
Ident("d")
ParenClose
Div
Ident("e")
Mod
Ident("f")
FloorDiv
Ident("g")
Tilde
Ident("h")
VariableEnd(false)

