---
source: minijinja/tests/test_templates.rs
description: "{% macro foo(a, b, c, d) %}{{ [a, b, c, d] }}{% endmacro -%}\n{{ foo(1, 2, 3) }}\n{{ foo({\"blub\": \"blah\"}) }}\n{{ foo(a=1, b=2, c=3) }}\n{{ foo(a=1, b=2, c=3, d=4) }}"
info: {}
input_file: minijinja/tests/inputs/macro_kwargs.txt
---
[1, 2, 3, Undefined]
[{"blub": "blah"}, Undefined, Undefined, Undefined]
[1, 2, 3, Undefined]
[1, 2, 3, 4]

