---
source: tests/test_templates.rs
expression: "&rendered"
input_file: tests/inputs/in.txt

---
true
true
true
false
false
false

=====

Template {
    name: "in.txt",
    instructions: [
        00000 | LOOKUP (var "word")   [<unknown>:1],
        00001 | LOOKUP (var "the_sentence")   [<unknown>:1],
        00002 | IN   [<unknown>:1],
        00003 | EMIT   [<unknown>:1],
        00004 | EMIT_RAW (string "\n")   [<unknown>:1],
        00005 | LOOKUP (var "word")   [<unknown>:2],
        00006 | LOOKUP (var "the_words")   [<unknown>:2],
        00007 | IN   [<unknown>:2],
        00008 | EMIT   [<unknown>:2],
        00009 | EMIT_RAW (string "\n")   [<unknown>:2],
        0000a | LOOKUP (var "word")   [<unknown>:3],
        0000b | LOOKUP (var "the_map")   [<unknown>:3],
        0000c | IN   [<unknown>:3],
        0000d | EMIT   [<unknown>:3],
        0000e | EMIT_RAW (string "\n")   [<unknown>:3],
        0000f | LOOKUP (var "word")   [<unknown>:4],
        00010 | LOOKUP (var "the_sentence")   [<unknown>:4],
        00011 | IN   [<unknown>:4],
        00012 | NOT   [<unknown>:4],
        00013 | EMIT   [<unknown>:4],
        00014 | EMIT_RAW (string "\n")   [<unknown>:4],
        00015 | LOOKUP (var "word")   [<unknown>:5],
        00016 | LOOKUP (var "the_words")   [<unknown>:5],
        00017 | IN   [<unknown>:5],
        00018 | NOT   [<unknown>:5],
        00019 | EMIT   [<unknown>:5],
        0001a | EMIT_RAW (string "\n")   [<unknown>:5],
        0001b | LOOKUP (var "word")   [<unknown>:6],
        0001c | LOOKUP (var "the_map")   [<unknown>:6],
        0001d | IN   [<unknown>:6],
        0001e | NOT   [<unknown>:6],
        0001f | EMIT   [<unknown>:6],
        00020 | EMIT_RAW (string "\n")   [<unknown>:6],
    ],
    blocks: {},
    initial_auto_escape: None,
}
