---
source: minijinja/tests/test_templates.rs
expression: "&rendered"
input_file: minijinja/tests/inputs/escaping.html

---
<h1>&lt;foo&gt;</h1>

=====

Template {
    name: "escaping.html",
    instructions: [
        00000 | EMIT_RAW (string "<h1>")   [escaping.html:1],
        00001 | LOOKUP (var "unsafe")   [escaping.html:1],
        00002 | EMIT   [escaping.html:1],
        00003 | EMIT_RAW (string "</h1>\n")   [escaping.html:1],
    ],
    blocks: {},
    initial_auto_escape: Html,
}
