---
source: minijinja/tests/test_templates.rs
expression: "&rendered"
input_file: minijinja/tests/inputs/filter_block.txt

---
HUMPTY DUMPTY SAT ON A WALL

=====

Template {
    name: "filter_block.txt",
    instructions: [
        00000 | BEGIN_CAPTURE   [filter_block.txt:1],
        00001 | LOOKUP (var "egg")   [filter_block.txt:1],
        00002 | EMIT   [filter_block.txt:1],
        00003 | END_CAPTURE   [filter_block.txt:1],
        00004 | BUILD_LIST (0 items)   [filter_block.txt:1],
        00005 | APPLY_FILTER (name "upper")   [filter_block.txt:1],
        00006 | EMIT   [filter_block.txt:1],
        00007 | EMIT_RAW (string "\n")   [filter_block.txt:1],
    ],
    blocks: {},
    initial_auto_escape: None,
}
