---
source: minijinja/tests/test_templates.rs
description: "{{ range(10001) }}"
info: {}
input_file: minijinja/tests/inputs/err_bad_range.txt
---
!!!ERROR!!!

Error {
    kind: InvalidOperation,
    detail: "range has too many elements",
    name: "err_bad_range.txt",
    line: 1,
}

invalid operation: range has too many elements (in err_bad_range.txt:1)
------------------------------ err_bad_range.txt ------------------------------
   1 > {{ range(10001) }}
     i    ^^^^^^^^^^^^ invalid operation
~~~~~~~~~~~~~~~~~~~~~~~~~~~~~~~~~~~~~~~~~~~~~~~~~~~~~~~~~~~~~~~~~~~~~~~~~~~~~~~
Referenced variables: {
    range: minijinja::functions::builtins::range,
}
-------------------------------------------------------------------------------

