---
source: minijinja/tests/test_templates.rs
description: "Strings:\n{{ 'to' + name + 'you' }}!\n{{ 'to' + 'you' }}!\n\nSequences:\n{{ [1] + [2] }}\n{{ [1, 2, 3][:2] + [4, 5] }}\n\nAdding:\n{{ 1 + 2 }}\n\nMinus:\n{{ 2 - 1 }}\n\nDivide:\n{{ 100 / 2 }}"
info:
  name: World
input_file: minijinja/tests/inputs/adding.txt
---
Strings:
toWorldyou!
toyou!

Sequences:
[1, 2]
[1, 2, 4, 5]

Adding:
3

Minus:
1

Divide:
50.0
