---
source: minijinja/tests/test_templates.rs
expression: "&rendered"
input_file: minijinja/tests/inputs/filters.txt

---
lower: bird
upper: BIRD
title: Bird
title-sentence: The Bird, Is The:Word
replace: third
escape: &lt;
e: &lt;
double-escape: &lt;
safe: <
list-length: 3
list-from-list: [1, 2, 3]
list-from-map: ["a", "c"]
list-from-word: ['B', 'i', 'r', 'd']
list-from-undefined: []
map-length: 2
string-length: 4
string-count: 4
reverse-list: [3, 2, 1]
reverse-string: driB
trim: |Spacebird|
trim-bird: ir
join-default: 123
join-pipe: 1|2|3
join_string: B-i-r-d
default: true
default-value: 42
first-list: 1
first-word: B
first-undefined: true
last-list: 3
last-word: d
last-undefined: true
d: true
json: {"a":"b","c":"d"}
json-pretty: {
  "a": "b",
  "c": "d"
}
json-scary-html: "\u003c\u003e\u0026\u0027"
urlencode: hello%20world/baz
urlencode-kv: a=x%20y&b=2&c=3
batch: [[0, 1, 2], [3, 4, 5], [6, 7, 8], [9]]
batch-fill: [[0, 1, 2], [3, 4, 5], [6, 7, 8], [9, "-", "-"]]
slice: [[0, 1, 2, 3], [4, 5, 6], [7, 8, 9]]
slice-fill: [[0, 1, 2, 3], [4, 5, 6, "-"], [7, 8, 9, "-"]]

