---
source: minijinja/tests/test_templates.rs
expression: "&rendered"
input_file: minijinja/tests/inputs/getitem.txt

---
first: first_item
last: last_item
name: Peter

=====

Template {
    name: "getitem.txt",
    instructions: [
        00000 | EMIT_RAW (string "first: ")   [getitem.txt:1],
        00001 | LOOKUP (var "items")   [getitem.txt:1],
        00002 | LOAD_CONST (value 0)   [getitem.txt:1],
        00003 | GETITEM   [getitem.txt:1],
        00004 | EMIT   [getitem.txt:1],
        00005 | EMIT_RAW (string "\nlast: ")   [getitem.txt:1],
        00006 | LOOKUP (var "items")   [getitem.txt:2],
        00007 | LOAD_CONST (value -1)   [getitem.txt:2],
        00008 | GETITEM   [getitem.txt:2],
        00009 | EMIT   [getitem.txt:2],
        0000a | EMIT_RAW (string "\nname: ")   [getitem.txt:2],
        0000b | LOOKUP (var "user")   [getitem.txt:3],
        0000c | LOAD_CONST (value "name")   [getitem.txt:3],
        0000d | GETITEM   [getitem.txt:3],
        0000e | EMIT   [getitem.txt:3],
        0000f | EMIT_RAW (string "\n")   [getitem.txt:3],
    ],
    blocks: {},
    initial_auto_escape: None,
}
