---
source: minijinja/tests/test_templates.rs
expression: "&rendered"
input_file: minijinja/tests/inputs/concat.txt

---
foobar

=====

Template {
    name: "concat.txt",
    instructions: [
        00000 | LOOKUP (var "a")   [concat.txt:1],
        00001 | LOOKUP (var "b")   [concat.txt:1],
        00002 | STRING_CONCAT   [concat.txt:1],
        00003 | EMIT   [concat.txt:1],
        00004 | EMIT_RAW (string "\n")   [concat.txt:1],
    ],
    blocks: {},
    initial_auto_escape: None,
}
