---
source: minijinja/tests/test_templates.rs
description: "{{ 42e+ }}"
info: {}
input_file: minijinja/tests/inputs/err_partial_float.txt
---
!!!SYNTAX ERROR!!!

Error {
    kind: SyntaxError,
    detail: "invalid float",
    name: "err_partial_float.txt",
    line: 1,
}

syntax error: invalid float (in err_partial_float.txt:1)
---------------------------- err_partial_float.txt ----------------------------
   1 > {{ 42e+ }}
     i        ^ syntax error
~~~~~~~~~~~~~~~~~~~~~~~~~~~~~~~~~~~~~~~~~~~~~~~~~~~~~~~~~~~~~~~~~~~~~~~~~~~~~~~
No referenced variables
-------------------------------------------------------------------------------
