---
source: minijinja/tests/test_templates.rs
expression: "&rendered"
input_file: minijinja/tests/inputs/loop_dictsort.txt

---

* 42: aha
* bar: 2
* baz: 100
* foo: 1

=====

Template {
    name: "loop_dictsort.txt",
    instructions: [
        00000 | LOOKUP (var "map")   [loop_dictsort.txt:1],
        00001 | BUILD_LIST (0 items)   [loop_dictsort.txt:1],
        00002 | APPLY_FILTER (name "dictsort")   [loop_dictsort.txt:1],
        00003 | PUSH_LOOP (loop var: true)   [loop_dictsort.txt:1],
        00004 | ITERATE (exit to 00010)   [loop_dictsort.txt:1],
        00005 | UNPACK_LIST (2 items)   [loop_dictsort.txt:1],
        00006 | STORE_LOCAL (var "key")   [loop_dictsort.txt:1],
        00007 | STORE_LOCAL (var "value")   [loop_dictsort.txt:1],
        00008 | EMIT_RAW (string "\n* ")   [loop_dictsort.txt:1],
        00009 | LOOKUP (var "key")   [loop_dictsort.txt:2],
        0000a | EMIT   [loop_dictsort.txt:2],
        0000b | EMIT_RAW (string ": ")   [loop_dictsort.txt:2],
        0000c | LOOKUP (var "value")   [loop_dictsort.txt:2],
        0000d | EMIT   [loop_dictsort.txt:2],
        0000e | EMIT_RAW (string "")   [loop_dictsort.txt:2],
        0000f | JUMP (to 00004)   [loop_dictsort.txt:2],
        00010 | POP_FRAME   [loop_dictsort.txt:2],
        00011 | EMIT_RAW (string "\n")   [loop_dictsort.txt:3],
    ],
    blocks: {},
    initial_auto_escape: None,
}
