---
source: minijinja/tests/test_templates.rs
description: "{% include \"self-include.txt\" %}"
info: {}
input_file: minijinja/tests/inputs/err_self_include.txt
---
!!!ERROR!!!

Error {
    kind: BadInclude,
    detail: "error in \"self-include.txt\"",
    name: "err_self_include.txt",
    line: 1,
    source: Error {
        kind: BadInclude,
        detail: "error in \"self-include.txt\"",
        name: "self-include.txt",
        line: 1,
        source: Error {
            kind: BadInclude,
            detail: "error in \"self-include.txt\"",
            name: "self-include.txt",
            line: 1,
            source: Error {
                kind: BadInclude,
                detail: "error in \"self-include.txt\"",
                name: "self-include.txt",
                line: 1,
                source: Error {
                    kind: BadInclude,
                    detail: "error in \"self-include.txt\"",
                    name: "self-include.txt",
                    line: 1,
                    source: Error {
                        kind: BadInclude,
                        detail: "error in \"self-include.txt\"",
                        name: "self-include.txt",
                        line: 1,
                        source: Error {
                            kind: BadInclude,
                            detail: "error in \"self-include.txt\"",
                            name: "self-include.txt",
                            line: 1,
                            source: Error {
                                kind: BadInclude,
                                detail: "error in \"self-include.txt\"",
                                name: "self-include.txt",
                                line: 1,
                                source: Error {
                                    kind: BadInclude,
                                    detail: "error in \"self-include.txt\"",
                                    name: "self-include.txt",
                                    line: 1,
                                    source: Error {
                                        kind: BadInclude,
                                        detail: "error in \"self-include.txt\"",
                                        name: "self-include.txt",
                                        line: 1,
                                        source: Error {
                                            kind: BadInclude,
                                            detail: "error in \"self-include.txt\"",
                                            name: "self-include.txt",
                                            line: 1,
                                            source: Error {
                                                kind: BadInclude,
                                                detail: "error in \"self-include.txt\"",
                                                name: "self-include.txt",
                                                line: 1,
                                                source: Error {
                                                    kind: BadInclude,
                                                    detail: "error in \"self-include.txt\"",
                                                    name: "self-include.txt",
                                                    line: 1,
                                                    source: Error {
                                                        kind: BadInclude,
                                                        detail: "error in \"self-include.txt\"",
                                                        name: "self-include.txt",
                                                        line: 1,
                                                        source: Error {
                                                            kind: BadInclude,
                                                            detail: "error in \"self-include.txt\"",
                                                            name: "self-include.txt",
                                                            line: 1,
                                                            source: Error {
                                                                kind: BadInclude,
                                                                detail: "error in \"self-include.txt\"",
                                                                name: "self-include.txt",
                                                                line: 1,
                                                                source: Error {
                                                                    kind: BadInclude,
                                                                    detail: "error in \"self-include.txt\"",
                                                                    name: "self-include.txt",
                                                                    line: 1,
                                                                    source: Error {
                                                                        kind: BadInclude,
                                                                        detail: "error in \"self-include.txt\"",
                                                                        name: "self-include.txt",
                                                                        line: 1,
                                                                        source: Error {
                                                                            kind: BadInclude,
                                                                            detail: "error in \"self-include.txt\"",
                                                                            name: "self-include.txt",
                                                                            line: 1,
                                                                            source: Error {
                                                                                kind: BadInclude,
                                                                                detail: "error in \"self-include.txt\"",
                                                                                name: "self-include.txt",
                                                                                line: 1,
                                                                                source: Error {
                                                                                    kind: BadInclude,
                                                                                    detail: "error in \"self-include.txt\"",
                                                                                    name: "self-include.txt",
                                                                                    line: 1,
                                                                                    source: Error {
                                                                                        kind: BadInclude,
                                                                                        detail: "error in \"self-include.txt\"",
                                                                                        name: "self-include.txt",
                                                                                        line: 1,
                                                                                        source: Error {
                                                                                            kind: BadInclude,
                                                                                            detail: "error in \"self-include.txt\"",
                                                                                            name: "self-include.txt",
                                                                                            line: 1,
                                                                                            source: Error {
                                                                                                kind: BadInclude,
                                                                                                detail: "error in \"self-include.txt\"",
                                                                                                name: "self-include.txt",
                                                                                                line: 1,
                                                                                                source: Error {
                                                                                                    kind: BadInclude,
                                                                                                    detail: "error in \"self-include.txt\"",
                                                                                                    name: "self-include.txt",
                                                                                                    line: 1,
                                                                                                    source: Error {
                                                                                                        kind: BadInclude,
                                                                                                        detail: "error in \"self-include.txt\"",
                                                                                                        name: "self-include.txt",
                                                                                                        line: 1,
                                                                                                        source: Error {
                                                                                                            kind: BadInclude,
                                                                                                            detail: "error in \"self-include.txt\"",
                                                                                                            name: "self-include.txt",
                                                                                                            line: 1,
                                                                                                            source: Error {
                                                                                                                kind: BadInclude,
                                                                                                                detail: "error in \"self-include.txt\"",
                                                                                                                name: "self-include.txt",
                                                                                                                line: 1,
                                                                                                                source: Error {
                                                                                                                    kind: BadInclude,
                                                                                                                    detail: "error in \"self-include.txt\"",
                                                                                                                    name: "self-include.txt",
                                                                                                                    line: 1,
                                                                                                                    source: Error {
                                                                                                                        kind: BadInclude,
                                                                                                                        detail: "error in \"self-include.txt\"",
                                                                                                                        name: "self-include.txt",
                                                                                                                        line: 1,
                                                                                                                        source: Error {
                                                                                                                            kind: BadInclude,
                                                                                                                            detail: "error in \"self-include.txt\"",
                                                                                                                            name: "self-include.txt",
                                                                                                                            line: 1,
                                                                                                                            source: Error {
                                                                                                                                kind: BadInclude,
                                                                                                                                detail: "error in \"self-include.txt\"",
                                                                                                                                name: "self-include.txt",
                                                                                                                                line: 1,
                                                                                                                                source: Error {
                                                                                                                                    kind: BadInclude,
                                                                                                                                    detail: "error in \"self-include.txt\"",
                                                                                                                                    name: "self-include.txt",
                                                                                                                                    line: 1,
                                                                                                                                    source: Error {
                                                                                                                                        kind: BadInclude,
                                                                                                                                        detail: "error in \"self-include.txt\"",
                                                                                                                                        name: "self-include.txt",
                                                                                                                                        line: 1,
                                                                                                                                        source: Error {
                                                                                                                                            kind: BadInclude,
                                                                                                                                            detail: "error in \"self-include.txt\"",
                                                                                                                                            name: "self-include.txt",
                                                                                                                                            line: 1,
                                                                                                                                            source: Error {
                                                                                                                                                kind: BadInclude,
                                                                                                                                                detail: "error in \"self-include.txt\"",
                                                                                                                                                name: "self-include.txt",
                                                                                                                                                line: 1,
                                                                                                                                                source: Error {
                                                                                                                                                    kind: BadInclude,
                                                                                                                                                    detail: "error in \"self-include.txt\"",
                                                                                                                                                    name: "self-include.txt",
                                                                                                                                                    line: 1,
                                                                                                                                                    source: Error {
                                                                                                                                                        kind: BadInclude,
                                                                                                                                                        detail: "error in \"self-include.txt\"",
                                                                                                                                                        name: "self-include.txt",
                                                                                                                                                        line: 1,
                                                                                                                                                        source: Error {
                                                                                                                                                            kind: BadInclude,
                                                                                                                                                            detail: "error in \"self-include.txt\"",
                                                                                                                                                            name: "self-include.txt",
                                                                                                                                                            line: 1,
                                                                                                                                                            source: Error {
                                                                                                                                                                kind: BadInclude,
                                                                                                                                                                detail: "error in \"self-include.txt\"",
                                                                                                                                                                name: "self-include.txt",
                                                                                                                                                                line: 1,
                                                                                                                                                                source: Error {
                                                                                                                                                                    kind: BadInclude,
                                                                                                                                                                    detail: "error in \"self-include.txt\"",
                                                                                                                                                                    name: "self-include.txt",
                                                                                                                                                                    line: 1,
                                                                                                                                                                    source: Error {
                                                                                                                                                                        kind: BadInclude,
                                                                                                                                                                        detail: "error in \"self-include.txt\"",
                                                                                                                                                                        name: "self-include.txt",
                                                                                                                                                                        line: 1,
                                                                                                                                                                        source: Error {
                                                                                                                                                                            kind: BadInclude,
                                                                                                                                                                            detail: "error in \"self-include.txt\"",
                                                                                                                                                                            name: "self-include.txt",
                                                                                                                                                                            line: 1,
                                                                                                                                                                            source: Error {
                                                                                                                                                                                kind: BadInclude,
                                                                                                                                                                                detail: "error in \"self-include.txt\"",
                                                                                                                                                                                name: "self-include.txt",
                                                                                                                                                                                line: 1,
                                                                                                                                                                                source: Error {
                                                                                                                                                                                    kind: BadInclude,
                                                                                                                                                                                    detail: "error in \"self-include.txt\"",
                                                                                                                                                                                    name: "self-include.txt",
                                                                                                                                                                                    line: 1,
                                                                                                                                                                                    source: Error {
                                                                                                                                                                                        kind: BadInclude,
                                                                                                                                                                                        detail: "error in \"self-include.txt\"",
                                                                                                                                                                                        name: "self-include.txt",
                                                                                                                                                                                        line: 1,
                                                                                                                                                                                        source: Error {
                                                                                                                                                                                            kind: BadInclude,
                                                                                                                                                                                            detail: "error in \"self-include.txt\"",
                                                                                                                                                                                            name: "self-include.txt",
                                                                                                                                                                                            line: 1,
                                                                                                                                                                                            source: Error {
                                                                                                                                                                                                kind: BadInclude,
                                                                                                                                                                                                detail: "error in \"self-include.txt\"",
                                                                                                                                                                                                name: "self-include.txt",
                                                                                                                                                                                                line: 1,
                                                                                                                                                                                                source: Error {
                                                                                                                                                                                                    kind: BadInclude,
                                                                                                                                                                                                    detail: "error in \"self-include.txt\"",
                                                                                                                                                                                                    name: "self-include.txt",
                                                                                                                                                                                                    line: 1,
                                                                                                                                                                                                    source: Error {
                                                                                                                                                                                                        kind: BadInclude,
                                                                                                                                                                                                        detail: "error in \"self-include.txt\"",
                                                                                                                                                                                                        name: "self-include.txt",
                                                                                                                                                                                                        line: 1,
                                                                                                                                                                                                        source: Error {
                                                                                                                                                                                                            kind: InvalidOperation,
                                                                                                                                                                                                            detail: "recursion limit exceeded",
                                                                                                                                                                                                            name: "self-include.txt",
                                                                                                                                                                                                            line: 1,
                                                                                                                                                                                                        },
                                                                                                                                                                                                    },
                                                                                                                                                                                                },
                                                                                                                                                                                            },
                                                                                                                                                                                        },
                                                                                                                                                                                    },
                                                                                                                                                                                },
                                                                                                                                                                            },
                                                                                                                                                                        },
                                                                                                                                                                    },
                                                                                                                                                                },
                                                                                                                                                            },
                                                                                                                                                        },
                                                                                                                                                    },
                                                                                                                                                },
                                                                                                                                            },
                                                                                                                                        },
                                                                                                                                    },
                                                                                                                                },
                                                                                                                            },
                                                                                                                        },
                                                                                                                    },
                                                                                                                },
                                                                                                            },
                                                                                                        },
                                                                                                    },
                                                                                                },
                                                                                            },
                                                                                        },
                                                                                    },
                                                                                },
                                                                            },
                                                                        },
                                                                    },
                                                                },
                                                            },
                                                        },
                                                    },
                                                },
                                            },
                                        },
                                    },
                                },
                            },
                        },
                    },
                },
            },
        },
    },
}

could not render include: error in "self-include.txt" (in err_self_include.txt:1)
---------------------------- err_self_include.txt -----------------------------
   1 > {% include "self-include.txt" %}
     i    ^^^^^^^^^^^^^^^^^^^^^^^^^^ could not render include
~~~~~~~~~~~~~~~~~~~~~~~~~~~~~~~~~~~~~~~~~~~~~~~~~~~~~~~~~~~~~~~~~~~~~~~~~~~~~~~
No referenced variables
-------------------------------------------------------------------------------

caused by: could not render include: error in "self-include.txt" (in self-include.txt:1)
------------------------------ self-include.txt -------------------------------
   1 > {% include "self-include.txt" %}
     i    ^^^^^^^^^^^^^^^^^^^^^^^^^^ could not render include
~~~~~~~~~~~~~~~~~~~~~~~~~~~~~~~~~~~~~~~~~~~~~~~~~~~~~~~~~~~~~~~~~~~~~~~~~~~~~~~
No referenced variables
-------------------------------------------------------------------------------

caused by: could not render include: error in "self-include.txt" (in self-include.txt:1)
------------------------------ self-include.txt -------------------------------
   1 > {% include "self-include.txt" %}
     i    ^^^^^^^^^^^^^^^^^^^^^^^^^^ could not render include
~~~~~~~~~~~~~~~~~~~~~~~~~~~~~~~~~~~~~~~~~~~~~~~~~~~~~~~~~~~~~~~~~~~~~~~~~~~~~~~
No referenced variables
-------------------------------------------------------------------------------

caused by: could not render include: error in "self-include.txt" (in self-include.txt:1)
------------------------------ self-include.txt -------------------------------
   1 > {% include "self-include.txt" %}
     i    ^^^^^^^^^^^^^^^^^^^^^^^^^^ could not render include
~~~~~~~~~~~~~~~~~~~~~~~~~~~~~~~~~~~~~~~~~~~~~~~~~~~~~~~~~~~~~~~~~~~~~~~~~~~~~~~
No referenced variables
-------------------------------------------------------------------------------

caused by: could not render include: error in "self-include.txt" (in self-include.txt:1)
------------------------------ self-include.txt -------------------------------
   1 > {% include "self-include.txt" %}
     i    ^^^^^^^^^^^^^^^^^^^^^^^^^^ could not render include
~~~~~~~~~~~~~~~~~~~~~~~~~~~~~~~~~~~~~~~~~~~~~~~~~~~~~~~~~~~~~~~~~~~~~~~~~~~~~~~
No referenced variables
-------------------------------------------------------------------------------

caused by: could not render include: error in "self-include.txt" (in self-include.txt:1)
------------------------------ self-include.txt -------------------------------
   1 > {% include "self-include.txt" %}
     i    ^^^^^^^^^^^^^^^^^^^^^^^^^^ could not render include
~~~~~~~~~~~~~~~~~~~~~~~~~~~~~~~~~~~~~~~~~~~~~~~~~~~~~~~~~~~~~~~~~~~~~~~~~~~~~~~
No referenced variables
-------------------------------------------------------------------------------

caused by: could not render include: error in "self-include.txt" (in self-include.txt:1)
------------------------------ self-include.txt -------------------------------
   1 > {% include "self-include.txt" %}
     i    ^^^^^^^^^^^^^^^^^^^^^^^^^^ could not render include
~~~~~~~~~~~~~~~~~~~~~~~~~~~~~~~~~~~~~~~~~~~~~~~~~~~~~~~~~~~~~~~~~~~~~~~~~~~~~~~
No referenced variables
-------------------------------------------------------------------------------

caused by: could not render include: error in "self-include.txt" (in self-include.txt:1)
------------------------------ self-include.txt -------------------------------
   1 > {% include "self-include.txt" %}
     i    ^^^^^^^^^^^^^^^^^^^^^^^^^^ could not render include
~~~~~~~~~~~~~~~~~~~~~~~~~~~~~~~~~~~~~~~~~~~~~~~~~~~~~~~~~~~~~~~~~~~~~~~~~~~~~~~
No referenced variables
-------------------------------------------------------------------------------

caused by: could not render include: error in "self-include.txt" (in self-include.txt:1)
------------------------------ self-include.txt -------------------------------
   1 > {% include "self-include.txt" %}
     i    ^^^^^^^^^^^^^^^^^^^^^^^^^^ could not render include
~~~~~~~~~~~~~~~~~~~~~~~~~~~~~~~~~~~~~~~~~~~~~~~~~~~~~~~~~~~~~~~~~~~~~~~~~~~~~~~
No referenced variables
-------------------------------------------------------------------------------

caused by: could not render include: error in "self-include.txt" (in self-include.txt:1)
------------------------------ self-include.txt -------------------------------
   1 > {% include "self-include.txt" %}
     i    ^^^^^^^^^^^^^^^^^^^^^^^^^^ could not render include
~~~~~~~~~~~~~~~~~~~~~~~~~~~~~~~~~~~~~~~~~~~~~~~~~~~~~~~~~~~~~~~~~~~~~~~~~~~~~~~
No referenced variables
-------------------------------------------------------------------------------

caused by: could not render include: error in "self-include.txt" (in self-include.txt:1)
------------------------------ self-include.txt -------------------------------
   1 > {% include "self-include.txt" %}
     i    ^^^^^^^^^^^^^^^^^^^^^^^^^^ could not render include
~~~~~~~~~~~~~~~~~~~~~~~~~~~~~~~~~~~~~~~~~~~~~~~~~~~~~~~~~~~~~~~~~~~~~~~~~~~~~~~
No referenced variables
-------------------------------------------------------------------------------

caused by: could not render include: error in "self-include.txt" (in self-include.txt:1)
------------------------------ self-include.txt -------------------------------
   1 > {% include "self-include.txt" %}
     i    ^^^^^^^^^^^^^^^^^^^^^^^^^^ could not render include
~~~~~~~~~~~~~~~~~~~~~~~~~~~~~~~~~~~~~~~~~~~~~~~~~~~~~~~~~~~~~~~~~~~~~~~~~~~~~~~
No referenced variables
-------------------------------------------------------------------------------

caused by: could not render include: error in "self-include.txt" (in self-include.txt:1)
------------------------------ self-include.txt -------------------------------
   1 > {% include "self-include.txt" %}
     i    ^^^^^^^^^^^^^^^^^^^^^^^^^^ could not render include
~~~~~~~~~~~~~~~~~~~~~~~~~~~~~~~~~~~~~~~~~~~~~~~~~~~~~~~~~~~~~~~~~~~~~~~~~~~~~~~
No referenced variables
-------------------------------------------------------------------------------

caused by: could not render include: error in "self-include.txt" (in self-include.txt:1)
------------------------------ self-include.txt -------------------------------
   1 > {% include "self-include.txt" %}
     i    ^^^^^^^^^^^^^^^^^^^^^^^^^^ could not render include
~~~~~~~~~~~~~~~~~~~~~~~~~~~~~~~~~~~~~~~~~~~~~~~~~~~~~~~~~~~~~~~~~~~~~~~~~~~~~~~
No referenced variables
-------------------------------------------------------------------------------

caused by: could not render include: error in "self-include.txt" (in self-include.txt:1)
------------------------------ self-include.txt -------------------------------
   1 > {% include "self-include.txt" %}
     i    ^^^^^^^^^^^^^^^^^^^^^^^^^^ could not render include
~~~~~~~~~~~~~~~~~~~~~~~~~~~~~~~~~~~~~~~~~~~~~~~~~~~~~~~~~~~~~~~~~~~~~~~~~~~~~~~
No referenced variables
-------------------------------------------------------------------------------

caused by: could not render include: error in "self-include.txt" (in self-include.txt:1)
------------------------------ self-include.txt -------------------------------
   1 > {% include "self-include.txt" %}
     i    ^^^^^^^^^^^^^^^^^^^^^^^^^^ could not render include
~~~~~~~~~~~~~~~~~~~~~~~~~~~~~~~~~~~~~~~~~~~~~~~~~~~~~~~~~~~~~~~~~~~~~~~~~~~~~~~
No referenced variables
-------------------------------------------------------------------------------

caused by: could not render include: error in "self-include.txt" (in self-include.txt:1)
------------------------------ self-include.txt -------------------------------
   1 > {% include "self-include.txt" %}
     i    ^^^^^^^^^^^^^^^^^^^^^^^^^^ could not render include
~~~~~~~~~~~~~~~~~~~~~~~~~~~~~~~~~~~~~~~~~~~~~~~~~~~~~~~~~~~~~~~~~~~~~~~~~~~~~~~
No referenced variables
-------------------------------------------------------------------------------

caused by: could not render include: error in "self-include.txt" (in self-include.txt:1)
------------------------------ self-include.txt -------------------------------
   1 > {% include "self-include.txt" %}
     i    ^^^^^^^^^^^^^^^^^^^^^^^^^^ could not render include
~~~~~~~~~~~~~~~~~~~~~~~~~~~~~~~~~~~~~~~~~~~~~~~~~~~~~~~~~~~~~~~~~~~~~~~~~~~~~~~
No referenced variables
-------------------------------------------------------------------------------

caused by: could not render include: error in "self-include.txt" (in self-include.txt:1)
------------------------------ self-include.txt -------------------------------
   1 > {% include "self-include.txt" %}
     i    ^^^^^^^^^^^^^^^^^^^^^^^^^^ could not render include
~~~~~~~~~~~~~~~~~~~~~~~~~~~~~~~~~~~~~~~~~~~~~~~~~~~~~~~~~~~~~~~~~~~~~~~~~~~~~~~
No referenced variables
-------------------------------------------------------------------------------

caused by: could not render include: error in "self-include.txt" (in self-include.txt:1)
------------------------------ self-include.txt -------------------------------
   1 > {% include "self-include.txt" %}
     i    ^^^^^^^^^^^^^^^^^^^^^^^^^^ could not render include
~~~~~~~~~~~~~~~~~~~~~~~~~~~~~~~~~~~~~~~~~~~~~~~~~~~~~~~~~~~~~~~~~~~~~~~~~~~~~~~
No referenced variables
-------------------------------------------------------------------------------

caused by: could not render include: error in "self-include.txt" (in self-include.txt:1)
------------------------------ self-include.txt -------------------------------
   1 > {% include "self-include.txt" %}
     i    ^^^^^^^^^^^^^^^^^^^^^^^^^^ could not render include
~~~~~~~~~~~~~~~~~~~~~~~~~~~~~~~~~~~~~~~~~~~~~~~~~~~~~~~~~~~~~~~~~~~~~~~~~~~~~~~
No referenced variables
-------------------------------------------------------------------------------

caused by: could not render include: error in "self-include.txt" (in self-include.txt:1)
------------------------------ self-include.txt -------------------------------
   1 > {% include "self-include.txt" %}
     i    ^^^^^^^^^^^^^^^^^^^^^^^^^^ could not render include
~~~~~~~~~~~~~~~~~~~~~~~~~~~~~~~~~~~~~~~~~~~~~~~~~~~~~~~~~~~~~~~~~~~~~~~~~~~~~~~
No referenced variables
-------------------------------------------------------------------------------

caused by: could not render include: error in "self-include.txt" (in self-include.txt:1)
------------------------------ self-include.txt -------------------------------
   1 > {% include "self-include.txt" %}
     i    ^^^^^^^^^^^^^^^^^^^^^^^^^^ could not render include
~~~~~~~~~~~~~~~~~~~~~~~~~~~~~~~~~~~~~~~~~~~~~~~~~~~~~~~~~~~~~~~~~~~~~~~~~~~~~~~
No referenced variables
-------------------------------------------------------------------------------

caused by: could not render include: error in "self-include.txt" (in self-include.txt:1)
------------------------------ self-include.txt -------------------------------
   1 > {% include "self-include.txt" %}
     i    ^^^^^^^^^^^^^^^^^^^^^^^^^^ could not render include
~~~~~~~~~~~~~~~~~~~~~~~~~~~~~~~~~~~~~~~~~~~~~~~~~~~~~~~~~~~~~~~~~~~~~~~~~~~~~~~
No referenced variables
-------------------------------------------------------------------------------

caused by: could not render include: error in "self-include.txt" (in self-include.txt:1)
------------------------------ self-include.txt -------------------------------
   1 > {% include "self-include.txt" %}
     i    ^^^^^^^^^^^^^^^^^^^^^^^^^^ could not render include
~~~~~~~~~~~~~~~~~~~~~~~~~~~~~~~~~~~~~~~~~~~~~~~~~~~~~~~~~~~~~~~~~~~~~~~~~~~~~~~
No referenced variables
-------------------------------------------------------------------------------

caused by: could not render include: error in "self-include.txt" (in self-include.txt:1)
------------------------------ self-include.txt -------------------------------
   1 > {% include "self-include.txt" %}
     i    ^^^^^^^^^^^^^^^^^^^^^^^^^^ could not render include
~~~~~~~~~~~~~~~~~~~~~~~~~~~~~~~~~~~~~~~~~~~~~~~~~~~~~~~~~~~~~~~~~~~~~~~~~~~~~~~
No referenced variables
-------------------------------------------------------------------------------

caused by: could not render include: error in "self-include.txt" (in self-include.txt:1)
------------------------------ self-include.txt -------------------------------
   1 > {% include "self-include.txt" %}
     i    ^^^^^^^^^^^^^^^^^^^^^^^^^^ could not render include
~~~~~~~~~~~~~~~~~~~~~~~~~~~~~~~~~~~~~~~~~~~~~~~~~~~~~~~~~~~~~~~~~~~~~~~~~~~~~~~
No referenced variables
-------------------------------------------------------------------------------

caused by: could not render include: error in "self-include.txt" (in self-include.txt:1)
------------------------------ self-include.txt -------------------------------
   1 > {% include "self-include.txt" %}
     i    ^^^^^^^^^^^^^^^^^^^^^^^^^^ could not render include
~~~~~~~~~~~~~~~~~~~~~~~~~~~~~~~~~~~~~~~~~~~~~~~~~~~~~~~~~~~~~~~~~~~~~~~~~~~~~~~
No referenced variables
-------------------------------------------------------------------------------

caused by: could not render include: error in "self-include.txt" (in self-include.txt:1)
------------------------------ self-include.txt -------------------------------
   1 > {% include "self-include.txt" %}
     i    ^^^^^^^^^^^^^^^^^^^^^^^^^^ could not render include
~~~~~~~~~~~~~~~~~~~~~~~~~~~~~~~~~~~~~~~~~~~~~~~~~~~~~~~~~~~~~~~~~~~~~~~~~~~~~~~
No referenced variables
-------------------------------------------------------------------------------

caused by: could not render include: error in "self-include.txt" (in self-include.txt:1)
------------------------------ self-include.txt -------------------------------
   1 > {% include "self-include.txt" %}
     i    ^^^^^^^^^^^^^^^^^^^^^^^^^^ could not render include
~~~~~~~~~~~~~~~~~~~~~~~~~~~~~~~~~~~~~~~~~~~~~~~~~~~~~~~~~~~~~~~~~~~~~~~~~~~~~~~
No referenced variables
-------------------------------------------------------------------------------

caused by: could not render include: error in "self-include.txt" (in self-include.txt:1)
------------------------------ self-include.txt -------------------------------
   1 > {% include "self-include.txt" %}
     i    ^^^^^^^^^^^^^^^^^^^^^^^^^^ could not render include
~~~~~~~~~~~~~~~~~~~~~~~~~~~~~~~~~~~~~~~~~~~~~~~~~~~~~~~~~~~~~~~~~~~~~~~~~~~~~~~
No referenced variables
-------------------------------------------------------------------------------

caused by: could not render include: error in "self-include.txt" (in self-include.txt:1)
------------------------------ self-include.txt -------------------------------
   1 > {% include "self-include.txt" %}
     i    ^^^^^^^^^^^^^^^^^^^^^^^^^^ could not render include
~~~~~~~~~~~~~~~~~~~~~~~~~~~~~~~~~~~~~~~~~~~~~~~~~~~~~~~~~~~~~~~~~~~~~~~~~~~~~~~
No referenced variables
-------------------------------------------------------------------------------

caused by: could not render include: error in "self-include.txt" (in self-include.txt:1)
------------------------------ self-include.txt -------------------------------
   1 > {% include "self-include.txt" %}
     i    ^^^^^^^^^^^^^^^^^^^^^^^^^^ could not render include
~~~~~~~~~~~~~~~~~~~~~~~~~~~~~~~~~~~~~~~~~~~~~~~~~~~~~~~~~~~~~~~~~~~~~~~~~~~~~~~
No referenced variables
-------------------------------------------------------------------------------

caused by: could not render include: error in "self-include.txt" (in self-include.txt:1)
------------------------------ self-include.txt -------------------------------
   1 > {% include "self-include.txt" %}
     i    ^^^^^^^^^^^^^^^^^^^^^^^^^^ could not render include
~~~~~~~~~~~~~~~~~~~~~~~~~~~~~~~~~~~~~~~~~~~~~~~~~~~~~~~~~~~~~~~~~~~~~~~~~~~~~~~
No referenced variables
-------------------------------------------------------------------------------

caused by: could not render include: error in "self-include.txt" (in self-include.txt:1)
------------------------------ self-include.txt -------------------------------
   1 > {% include "self-include.txt" %}
     i    ^^^^^^^^^^^^^^^^^^^^^^^^^^ could not render include
~~~~~~~~~~~~~~~~~~~~~~~~~~~~~~~~~~~~~~~~~~~~~~~~~~~~~~~~~~~~~~~~~~~~~~~~~~~~~~~
No referenced variables
-------------------------------------------------------------------------------

caused by: could not render include: error in "self-include.txt" (in self-include.txt:1)
------------------------------ self-include.txt -------------------------------
   1 > {% include "self-include.txt" %}
     i    ^^^^^^^^^^^^^^^^^^^^^^^^^^ could not render include
~~~~~~~~~~~~~~~~~~~~~~~~~~~~~~~~~~~~~~~~~~~~~~~~~~~~~~~~~~~~~~~~~~~~~~~~~~~~~~~
No referenced variables
-------------------------------------------------------------------------------

caused by: could not render include: error in "self-include.txt" (in self-include.txt:1)
------------------------------ self-include.txt -------------------------------
   1 > {% include "self-include.txt" %}
     i    ^^^^^^^^^^^^^^^^^^^^^^^^^^ could not render include
~~~~~~~~~~~~~~~~~~~~~~~~~~~~~~~~~~~~~~~~~~~~~~~~~~~~~~~~~~~~~~~~~~~~~~~~~~~~~~~
No referenced variables
-------------------------------------------------------------------------------

caused by: could not render include: error in "self-include.txt" (in self-include.txt:1)
------------------------------ self-include.txt -------------------------------
   1 > {% include "self-include.txt" %}
     i    ^^^^^^^^^^^^^^^^^^^^^^^^^^ could not render include
~~~~~~~~~~~~~~~~~~~~~~~~~~~~~~~~~~~~~~~~~~~~~~~~~~~~~~~~~~~~~~~~~~~~~~~~~~~~~~~
No referenced variables
-------------------------------------------------------------------------------

caused by: could not render include: error in "self-include.txt" (in self-include.txt:1)
------------------------------ self-include.txt -------------------------------
   1 > {% include "self-include.txt" %}
     i    ^^^^^^^^^^^^^^^^^^^^^^^^^^ could not render include
~~~~~~~~~~~~~~~~~~~~~~~~~~~~~~~~~~~~~~~~~~~~~~~~~~~~~~~~~~~~~~~~~~~~~~~~~~~~~~~
No referenced variables
-------------------------------------------------------------------------------

caused by: could not render include: error in "self-include.txt" (in self-include.txt:1)
------------------------------ self-include.txt -------------------------------
   1 > {% include "self-include.txt" %}
     i    ^^^^^^^^^^^^^^^^^^^^^^^^^^ could not render include
~~~~~~~~~~~~~~~~~~~~~~~~~~~~~~~~~~~~~~~~~~~~~~~~~~~~~~~~~~~~~~~~~~~~~~~~~~~~~~~
No referenced variables
-------------------------------------------------------------------------------

caused by: could not render include: error in "self-include.txt" (in self-include.txt:1)
------------------------------ self-include.txt -------------------------------
   1 > {% include "self-include.txt" %}
     i    ^^^^^^^^^^^^^^^^^^^^^^^^^^ could not render include
~~~~~~~~~~~~~~~~~~~~~~~~~~~~~~~~~~~~~~~~~~~~~~~~~~~~~~~~~~~~~~~~~~~~~~~~~~~~~~~
No referenced variables
-------------------------------------------------------------------------------

caused by: could not render include: error in "self-include.txt" (in self-include.txt:1)
------------------------------ self-include.txt -------------------------------
   1 > {% include "self-include.txt" %}
     i    ^^^^^^^^^^^^^^^^^^^^^^^^^^ could not render include
~~~~~~~~~~~~~~~~~~~~~~~~~~~~~~~~~~~~~~~~~~~~~~~~~~~~~~~~~~~~~~~~~~~~~~~~~~~~~~~
No referenced variables
-------------------------------------------------------------------------------

caused by: could not render include: error in "self-include.txt" (in self-include.txt:1)
------------------------------ self-include.txt -------------------------------
   1 > {% include "self-include.txt" %}
     i    ^^^^^^^^^^^^^^^^^^^^^^^^^^ could not render include
~~~~~~~~~~~~~~~~~~~~~~~~~~~~~~~~~~~~~~~~~~~~~~~~~~~~~~~~~~~~~~~~~~~~~~~~~~~~~~~
No referenced variables
-------------------------------------------------------------------------------

caused by: could not render include: error in "self-include.txt" (in self-include.txt:1)
------------------------------ self-include.txt -------------------------------
   1 > {% include "self-include.txt" %}
     i    ^^^^^^^^^^^^^^^^^^^^^^^^^^ could not render include
~~~~~~~~~~~~~~~~~~~~~~~~~~~~~~~~~~~~~~~~~~~~~~~~~~~~~~~~~~~~~~~~~~~~~~~~~~~~~~~
No referenced variables
-------------------------------------------------------------------------------

caused by: could not render include: error in "self-include.txt" (in self-include.txt:1)
------------------------------ self-include.txt -------------------------------
   1 > {% include "self-include.txt" %}
     i    ^^^^^^^^^^^^^^^^^^^^^^^^^^ could not render include
~~~~~~~~~~~~~~~~~~~~~~~~~~~~~~~~~~~~~~~~~~~~~~~~~~~~~~~~~~~~~~~~~~~~~~~~~~~~~~~
No referenced variables
-------------------------------------------------------------------------------

caused by: could not render include: error in "self-include.txt" (in self-include.txt:1)
------------------------------ self-include.txt -------------------------------
   1 > {% include "self-include.txt" %}
     i    ^^^^^^^^^^^^^^^^^^^^^^^^^^ could not render include
~~~~~~~~~~~~~~~~~~~~~~~~~~~~~~~~~~~~~~~~~~~~~~~~~~~~~~~~~~~~~~~~~~~~~~~~~~~~~~~
No referenced variables
-------------------------------------------------------------------------------

caused by: could not render include: error in "self-include.txt" (in self-include.txt:1)
------------------------------ self-include.txt -------------------------------
   1 > {% include "self-include.txt" %}
     i    ^^^^^^^^^^^^^^^^^^^^^^^^^^ could not render include
~~~~~~~~~~~~~~~~~~~~~~~~~~~~~~~~~~~~~~~~~~~~~~~~~~~~~~~~~~~~~~~~~~~~~~~~~~~~~~~
No referenced variables
-------------------------------------------------------------------------------

caused by: could not render include: error in "self-include.txt" (in self-include.txt:1)
------------------------------ self-include.txt -------------------------------
   1 > {% include "self-include.txt" %}
     i    ^^^^^^^^^^^^^^^^^^^^^^^^^^ could not render include
~~~~~~~~~~~~~~~~~~~~~~~~~~~~~~~~~~~~~~~~~~~~~~~~~~~~~~~~~~~~~~~~~~~~~~~~~~~~~~~
No referenced variables
-------------------------------------------------------------------------------

caused by: could not render include: error in "self-include.txt" (in self-include.txt:1)
------------------------------ self-include.txt -------------------------------
   1 > {% include "self-include.txt" %}
     i    ^^^^^^^^^^^^^^^^^^^^^^^^^^ could not render include
~~~~~~~~~~~~~~~~~~~~~~~~~~~~~~~~~~~~~~~~~~~~~~~~~~~~~~~~~~~~~~~~~~~~~~~~~~~~~~~
No referenced variables
-------------------------------------------------------------------------------

caused by: could not render include: error in "self-include.txt" (in self-include.txt:1)
------------------------------ self-include.txt -------------------------------
   1 > {% include "self-include.txt" %}
     i    ^^^^^^^^^^^^^^^^^^^^^^^^^^ could not render include
~~~~~~~~~~~~~~~~~~~~~~~~~~~~~~~~~~~~~~~~~~~~~~~~~~~~~~~~~~~~~~~~~~~~~~~~~~~~~~~
No referenced variables
-------------------------------------------------------------------------------

caused by: invalid operation: recursion limit exceeded (in self-include.txt:1)
------------------------------ self-include.txt -------------------------------
   1 > {% include "self-include.txt" %}
     i    ^^^^^^^^^^^^^^^^^^^^^^^^^^ invalid operation
~~~~~~~~~~~~~~~~~~~~~~~~~~~~~~~~~~~~~~~~~~~~~~~~~~~~~~~~~~~~~~~~~~~~~~~~~~~~~~~
No referenced variables
-------------------------------------------------------------------------------

