---
source: minijinja/tests/test_templates.rs
expression: "&rendered"
input_file: minijinja/tests/inputs/concat.txt

---
foobar

=====

Template {
    name: "concat.txt",
    instructions: [
        00000 | LOOKUP (var "a")  [line 1],
        00001 | LOOKUP (var "b"),
        00002 | STRING_CONCAT,
        00003 | EMIT,
        00004 | EMIT_RAW (string "\n"),
    ],
    blocks: {},
    initial_auto_escape: None,
}
