---
source: minijinja/tests/test_templates.rs
expression: "&rendered"
input_file: minijinja/tests/inputs/ifexpr.txt

---
42
23

true

=====

Template {
    name: "ifexpr.txt",
    instructions: [
        00000 | LOOKUP (var "something_true")   [ifexpr.txt:1],
        00001 | JUMP_IF_FALSE (to 00004)   [ifexpr.txt:1],
        00002 | LOAD_CONST (value 42)   [ifexpr.txt:1],
        00003 | JUMP (to 00005)   [ifexpr.txt:1],
        00004 | LOAD_CONST (value 23)   [ifexpr.txt:1],
        00005 | EMIT   [ifexpr.txt:1],
        00006 | EMIT_RAW (string "\n")   [ifexpr.txt:1],
        00007 | LOOKUP (var "something_true")   [ifexpr.txt:2],
        00008 | NOT   [ifexpr.txt:2],
        00009 | JUMP_IF_FALSE (to 0000c)   [ifexpr.txt:2],
        0000a | LOAD_CONST (value 42)   [ifexpr.txt:2],
        0000b | JUMP (to 0000d)   [ifexpr.txt:2],
        0000c | LOAD_CONST (value 23)   [ifexpr.txt:2],
        0000d | EMIT   [ifexpr.txt:2],
        0000e | EMIT_RAW (string "\n")   [ifexpr.txt:2],
        0000f | LOOKUP (var "something_true")   [ifexpr.txt:3],
        00010 | NOT   [ifexpr.txt:3],
        00011 | JUMP_IF_FALSE (to 00014)   [ifexpr.txt:3],
        00012 | LOAD_CONST (value 42)   [ifexpr.txt:3],
        00013 | JUMP (to 00015)   [ifexpr.txt:3],
        00014 | LOAD_CONST (value Undefined)   [ifexpr.txt:3],
        00015 | EMIT   [ifexpr.txt:3],
        00016 | EMIT_RAW (string "\n")   [ifexpr.txt:3],
        00017 | LOOKUP (var "something_true")   [ifexpr.txt:4],
        00018 | NOT   [ifexpr.txt:4],
        00019 | JUMP_IF_FALSE (to 0001c)   [ifexpr.txt:4],
        0001a | LOAD_CONST (value 42)   [ifexpr.txt:4],
        0001b | JUMP (to 0001d)   [ifexpr.txt:4],
        0001c | LOAD_CONST (value Undefined)   [ifexpr.txt:4],
        0001d | BUILD_LIST (0 items)   [ifexpr.txt:4],
        0001e | PERFORM_TEST (name "undefined")   [ifexpr.txt:4],
        0001f | EMIT   [ifexpr.txt:4],
        00020 | EMIT_RAW (string "\n")   [ifexpr.txt:4],
    ],
    blocks: {},
    initial_auto_escape: None,
}
