---
source: minijinja/tests/test_lexer.rs
description: "<ul>\n{% for item in sequence %}\n    <li>{{ item }}</li>\n{% endfor %}\n</ul>"
input_file: minijinja/tests/lexer-inputs/loop.txt
---
[
    TEMPLATE_DATA("<ul>\n"),
    BLOCK_END(false),
    IDENT(for),
    IDENT(item),
    IDENT(in),
    IDENT(sequence),
    BLOCK_END(false),
    TEMPLATE_DATA("\n    <li>"),
    VARIABLE_START(false),
    IDENT(item),
    VARIABLE_END(false),
    TEMPLATE_DATA("</li>\n"),
    BLOCK_END(false),
    IDENT(endfor),
    BLOCK_END(false),
    TEMPLATE_DATA("\n</ul>"),
]
