---
source: minijinja/tests/test_compiler.rs
expression: "&c"

---
Compiler {
    instructions: [
        00000 | LOOKUP (var "first")  [line 0],
        00001 | JUMP_IF_FALSE_OR_POP (to 00005),
        00002 | LOOKUP (var "second"),
        00003 | JUMP_IF_TRUE_OR_POP (to 00005),
        00004 | LOOKUP (var "third"),
    ],
    blocks: {},
    pending_block: [],
    current_line: 0,
}
