---
source: minijinja/tests/test_templates.rs
expression: "&rendered"
input_file: minijinja/tests/inputs/extends.txt

---
<title>new title</title>
new body

=====

Template {
    name: "extends.txt",
    instructions: [
        00000 | LOOKUP (var "template")   [extends.txt:1],
        00001 | LOAD_BLOCKS   [extends.txt:1],
        00002 | EMIT_RAW (string "\n")   [extends.txt:1],
        00003 | CALL_BLOCK (name "title")   [extends.txt:2],
        00004 | EMIT_RAW (string "\n")   [extends.txt:2],
        00005 | CALL_BLOCK (name "body")   [extends.txt:3],
        00006 | EMIT_RAW (string "\n")   [extends.txt:3],
    ],
    blocks: {
        "body": [
            00000 | EMIT_RAW (string "new body")   [extends.txt:3],
        ],
        "title": [
            00000 | EMIT_RAW (string "new title")   [extends.txt:2],
        ],
    },
    initial_auto_escape: None,
}
