---
source: minijinja/tests/test_templates.rs
expression: "&rendered"
input_file: minijinja/tests/inputs/loop_var.txt
---

  a (1 of 4)
    first=true
    last=false
    revindex=4
    revindex0=3
    cycle=odd

  b (2 of 4)
    first=false
    last=false
    revindex=3
    revindex0=2
    cycle=even

  c (3 of 4)
    first=false
    last=false
    revindex=2
    revindex0=1
    cycle=odd

  d (4 of 4)
    first=false
    last=true
    revindex=1
    revindex0=0
    cycle=even


