---
source: minijinja/tests/test_templates.rs
expression: "&rendered"
input_file: minijinja/tests/inputs/with.txt

---

  42|23|11


=====

Template {
    name: "with.txt",
    instructions: [
        00000 | LOAD_CONST (value "a")   [with.txt:1],
        00001 | LOOKUP (var "foo")   [with.txt:1],
        00002 | LOAD_CONST (value "b")   [with.txt:1],
        00003 | LOOKUP (var "bar")   [with.txt:1],
        00004 | BUILD_MAP (2 pairs)   [with.txt:1],
        00005 | PUSH_CONTEXT   [with.txt:1],
        00006 | EMIT_RAW (string "\n  ")   [with.txt:1],
        00007 | LOOKUP (var "a")   [with.txt:2],
        00008 | EMIT   [with.txt:2],
        00009 | EMIT_RAW (string "|")   [with.txt:2],
        0000a | LOOKUP (var "b")   [with.txt:2],
        0000b | EMIT   [with.txt:2],
        0000c | EMIT_RAW (string "|")   [with.txt:2],
        0000d | LOOKUP (var "other")   [with.txt:2],
        0000e | EMIT   [with.txt:2],
        0000f | EMIT_RAW (string "\n")   [with.txt:2],
        00010 | POP_FRAME   [with.txt:2],
        00011 | EMIT_RAW (string "\n")   [with.txt:3],
    ],
    blocks: {},
    initial_auto_escape: None,
}
