---
source: minijinja/tests/test_templates.rs
expression: "&rendered"
input_file: minijinja/tests/inputs/call.txt

---
[0][1][2][3][4][5][6][7][8][9]
[a:1][b:2][c:3]
=====

Template {
    name: "call.txt",
    instructions: [
        00000 | LOAD_CONST (value "f")  [line 1],
        00001 | LOOKUP (var "range"),
        00002 | BUILD_MAP (1 pairs),
        00003 | PUSH_CONTEXT,
        00004 | LOOKUP (var "upper"),
        00005 | BUILD_LIST (1 items),
        00006 | CALL_FUNCTION (name "f"),
        00007 | PUSH_LOOP (loop var: true),
        00008 | ITERATE (exit to 0000f),
        00009 | STORE_LOCAL (var "x"),
        0000a | EMIT_RAW (string "["),
        0000b | LOOKUP (var "x"),
        0000c | EMIT,
        0000d | EMIT_RAW (string "]"),
        0000e | JUMP (to 00008),
        0000f | POP_FRAME,
        00010 | POP_FRAME,
        00011 | EMIT_RAW (string "\n"),
        00012 | LOAD_CONST (value "a")  [line 2],
        00013 | LOAD_CONST (value 1),
        00014 | LOAD_CONST (value "b"),
        00015 | LOAD_CONST (value 2),
        00016 | LOAD_CONST (value "c"),
        00017 | LOAD_CONST (value 3),
        00018 | BUILD_MAP (3 pairs),
        00019 | BUILD_LIST (1 items),
        0001a | CALL_FUNCTION (name "dict"),
        0001b | BUILD_LIST (0 items),
        0001c | APPLY_FILTER (name "dictsort"),
        0001d | PUSH_LOOP (loop var: true),
        0001e | ITERATE (exit to 0002a),
        0001f | UNPACK_LIST (2 items),
        00020 | STORE_LOCAL (var "k"),
        00021 | STORE_LOCAL (var "v"),
        00022 | EMIT_RAW (string "["),
        00023 | LOOKUP (var "k"),
        00024 | EMIT,
        00025 | EMIT_RAW (string ":"),
        00026 | LOOKUP (var "v"),
        00027 | EMIT,
        00028 | EMIT_RAW (string "]"),
        00029 | JUMP (to 0001e),
        0002a | POP_FRAME,
    ],
    blocks: {},
    initial_auto_escape: None,
}
