---
source: minijinja/tests/test_templates.rs
expression: "&rendered"
input_file: minijinja/tests/inputs/loop_else2.txt

---

  - 1
  - 2
  - 3

=====

Template {
    name: "loop_else2.txt",
    instructions: [
        00000 | LOOKUP (var "seq")  [line 1],
        00001 | PUSH_LOOP (loop var: true),
        00002 | ITERATE (exit to 00009),
        00003 | STORE_LOCAL (var "item"),
        00004 | EMIT_RAW (string "\n  - "),
        00005 | LOOKUP (var "item")  [line 2],
        00006 | EMIT,
        00007 | EMIT_RAW (string ""),
        00008 | JUMP (to 00002),
        00009 | LOOKUP (var "loop"),
        0000a | GETATTR (key "index0"),
        0000b | LOAD_CONST (value 0),
        0000c | EQ,
        0000d | POP_FRAME,
        0000e | JUMP_IF_FALSE (to 00010),
        0000f | EMIT_RAW (string "\n  should not happen")  [line 3],
        00010 | EMIT_RAW (string "\n")  [line 5],
    ],
    blocks: {},
    initial_auto_escape: None,
}
