---
source: minijinja/tests/test_lexer.rs
description: "{# useless comment #}\n{{ foo.bar[baz].blah }}\n{{ {\"foo\": \"bar\"}.test }}\n{{ [1, 2, 3].test }}"
input_file: minijinja/tests/lexer-inputs/attrs.txt
---
TemplateData("\n")
VariableStart(false)
Ident("foo")
Dot
Ident("bar")
BracketOpen
Ident("baz")
BracketClose
Dot
Ident("blah")
VariableEnd(false)
TemplateData("\n")
VariableStart(false)
BraceOpen
Str("foo")
Colon
Str("bar")
BraceClose
Dot
Ident("test")
VariableEnd(false)
TemplateData("\n")
VariableStart(false)
BracketOpen
Int(1)
Comma
Int(2)
Comma
Int(3)
BracketClose
Dot
Ident("test")
VariableEnd(false)

