---
source: minijinja/tests/test_templates.rs
expression: "&rendered"
input_file: minijinja/tests/inputs/block.txt

---
<title></title>
foo

=====

Template {
    name: "block.txt",
    instructions: [
        00000 | EMIT_RAW (string "<title>")   [block.txt:1],
        00001 | CALL_BLOCK (name "title")   [block.txt:1],
        00002 | EMIT_RAW (string "</title>\n")   [block.txt:1],
        00003 | CALL_BLOCK (name "body")   [block.txt:2],
        00004 | EMIT_RAW (string "\n")   [block.txt:2],
    ],
    blocks: {
        "body": [
            00000 | LOOKUP (var "var")   [block.txt:2],
            00001 | EMIT   [block.txt:2],
        ],
        "title": [],
    },
    initial_auto_escape: None,
}
