---
source: minijinja/tests/test_lexer.rs
description: "before {% raw %} this is a {{ raw }} {% block %} {% endraw %} after\n\nbefore {%- raw %} this is a {{ raw }} {% block %} {% endraw -%} after\n\nbefore {%- raw -%} this is a {{ raw }} {% block %} {%- endraw -%} after"
---
TemplateData("before ")
  "before "
TemplateData(" this is a {{ raw }} {% block %} ")
  "{% raw %} this is a {{ raw }} {% block %} {% endraw %}"
TemplateData(" after\n\nbefore")
  " after\n\nbefore"
TemplateData(" this is a {{ raw }} {% block %} ")
  "{%- raw %} this is a {{ raw }} {% block %} {% endraw -%}"
TemplateData("after\n\nbefore")
  "after\n\nbefore"
TemplateData("this is a {{ raw }} {% block %}")
  "{%- raw -%} this is a {{ raw }} {% block %} {%- endraw -%}"
TemplateData("after")
  "after"

