---
source: minijinja/tests/test_templates.rs
expression: "&rendered"
input_file: minijinja/tests/inputs/block_super.txt

---
<title>[default title]</title>
DEFAULT BODY

=====

Template {
    name: "block_super.txt",
    instructions: [
        00000 | LOOKUP (var "template")   [block_super.txt:1],
        00001 | LOAD_BLOCKS   [block_super.txt:1],
        00002 | EMIT_RAW (string "\n")   [block_super.txt:1],
        00003 | CALL_BLOCK (name "title")   [block_super.txt:2],
        00004 | EMIT_RAW (string "\n")   [block_super.txt:2],
        00005 | CALL_BLOCK (name "body")   [block_super.txt:3],
        00006 | EMIT_RAW (string "\n")   [block_super.txt:3],
    ],
    blocks: {
        "body": [
            00000 | BUILD_LIST (0 items)   [block_super.txt:3],
            00001 | CALL_FUNCTION (name "super")   [block_super.txt:3],
            00002 | BUILD_LIST (0 items)   [block_super.txt:3],
            00003 | APPLY_FILTER (name "upper")   [block_super.txt:3],
            00004 | EMIT   [block_super.txt:3],
        ],
        "title": [
            00000 | EMIT_RAW (string "[")   [block_super.txt:2],
            00001 | BUILD_LIST (0 items)   [block_super.txt:2],
            00002 | CALL_FUNCTION (name "super")   [block_super.txt:2],
            00003 | EMIT   [block_super.txt:2],
            00004 | EMIT_RAW (string "]")   [block_super.txt:2],
        ],
    },
    initial_auto_escape: None,
}
