---
source: minijinja/tests/test_templates.rs
expression: "&rendered"
input_file: minijinja/tests/inputs/loop_else2.txt

---

  - 1
  - 2
  - 3

=====

Template {
    name: "loop_else2.txt",
    instructions: [
        00000 | LOOKUP (var "seq")   [loop_else2.txt:1],
        00001 | PUSH_LOOP (loop var: true)   [loop_else2.txt:1],
        00002 | ITERATE (exit to 00009)   [loop_else2.txt:1],
        00003 | STORE_LOCAL (var "item")   [loop_else2.txt:1],
        00004 | EMIT_RAW (string "\n  - ")   [loop_else2.txt:1],
        00005 | LOOKUP (var "item")   [loop_else2.txt:2],
        00006 | EMIT   [loop_else2.txt:2],
        00007 | EMIT_RAW (string "")   [loop_else2.txt:2],
        00008 | JUMP (to 00002)   [loop_else2.txt:2],
        00009 | LOOKUP (var "loop")   [loop_else2.txt:2],
        0000a | GETATTR (key "index0")   [loop_else2.txt:2],
        0000b | LOAD_CONST (value 0)   [loop_else2.txt:2],
        0000c | EQ   [loop_else2.txt:2],
        0000d | POP_FRAME   [loop_else2.txt:2],
        0000e | JUMP_IF_FALSE (to 00010)   [loop_else2.txt:2],
        0000f | EMIT_RAW (string "\n  should not happen")   [loop_else2.txt:3],
        00010 | EMIT_RAW (string "\n")   [loop_else2.txt:5],
    ],
    blocks: {},
    initial_auto_escape: None,
}
