---
source: minijinja/tests/test_templates.rs
description: "<ul>\n{% for a, b in seq %}\n  <li>{{ a }}: {{ b }}\n{% endfor %}\n</ul>"
info:
  seq:
    - 1
    - 2
    - 3
input_file: minijinja/tests/inputs/loop_bad_unpacking.txt
---
!!!ERROR!!!

Error {
    kind: CannotUnpack,
    detail: "not a sequence",
    name: "loop_bad_unpacking.txt",
    line: 2,
    source: Error {
        kind: InvalidOperation,
        detail: "value of type number is not a sequence",
    },
}

cannot unpack: not a sequence (in loop_bad_unpacking.txt:2)
---------------------------- Template Source -----------------------------
   1 | <ul>
   2 > {% for a, b in seq %}
     i        ^^^^ cannot unpack
   3 |   <li>{{ a }}: {{ b }}
   4 | {% endfor %}
   5 | </ul>
--------------------------------------------------------------------------
Referenced variables: {
    loop: LoopState {
        index0: 0,
        index: 1,
        length: 3,
        revindex: 3,
        revindex0: 2,
        first: true,
        last: false,
        depth: 1,
        depth0: 0,
    },
    seq: [
        1,
        2,
        3,
    ],
}
--------------------------------------------------------------------------

caused by: invalid operation: value of type number is not a sequence

