---
source: minijinja/tests/test_templates.rs
description: "{{ \"World\"[0] == \"W\" }}\n{{ \"W\" == \"W\" }}\n{{ 1.0 == 1 }}\n{{ 1 != 2 }}\n{{ none == none }}\n{{ none != undefined }}\n{{ undefined == undefined }}\n{{ true == true }}\n{{ 1 == true }}\n{{ 0 == false }}\n{{ 1 != 0 }}\n{{ \"a\" < \"b\" }}\n{{ \"a\"[0] < \"b\" }}\n{{ false < true }}\n{{ 0 < true }}\n{{ [0, 0] == [0, 0] }}\n{{ [\"a\"] == [\"a\"[0]] }}"
info: {}
input_file: minijinja/tests/inputs/coerce.txt
---
true
true
true
true
true
true
true
true
true
true
true
true
true
true
false
true
true
