---
source: minijinja/tests/test_templates.rs
expression: "&rendered"
input_file: minijinja/tests/inputs/autoescape.txt

---
<foo>
&lt;foo&gt;
<foo>
&lt;foo&gt;
<foo>

=====

Template {
    name: "autoescape.txt",
    instructions: [
        00000 | LOOKUP (var "unsafe")   [autoescape.txt:1],
        00001 | EMIT   [autoescape.txt:1],
        00002 | EMIT_RAW (string "\n")   [autoescape.txt:1],
        00003 | LOAD_CONST (value true)   [autoescape.txt:2],
        00004 | PUSH_AUTO_ESCAPE   [autoescape.txt:2],
        00005 | LOOKUP (var "unsafe")   [autoescape.txt:2],
        00006 | EMIT   [autoescape.txt:2],
        00007 | POP_AUTO_ESCAPE   [autoescape.txt:2],
        00008 | EMIT_RAW (string "\n")   [autoescape.txt:2],
        00009 | LOAD_CONST (value false)   [autoescape.txt:3],
        0000a | PUSH_AUTO_ESCAPE   [autoescape.txt:3],
        0000b | LOOKUP (var "unsafe")   [autoescape.txt:3],
        0000c | EMIT   [autoescape.txt:3],
        0000d | POP_AUTO_ESCAPE   [autoescape.txt:3],
        0000e | EMIT_RAW (string "\n")   [autoescape.txt:3],
        0000f | LOAD_CONST (value "html")   [autoescape.txt:4],
        00010 | PUSH_AUTO_ESCAPE   [autoescape.txt:4],
        00011 | LOOKUP (var "unsafe")   [autoescape.txt:4],
        00012 | EMIT   [autoescape.txt:4],
        00013 | POP_AUTO_ESCAPE   [autoescape.txt:4],
        00014 | EMIT_RAW (string "\n")   [autoescape.txt:4],
        00015 | LOAD_CONST (value "none")   [autoescape.txt:5],
        00016 | PUSH_AUTO_ESCAPE   [autoescape.txt:5],
        00017 | LOOKUP (var "unsafe")   [autoescape.txt:5],
        00018 | EMIT   [autoescape.txt:5],
        00019 | POP_AUTO_ESCAPE   [autoescape.txt:5],
        0001a | EMIT_RAW (string "\n")   [autoescape.txt:5],
    ],
    blocks: {},
    initial_auto_escape: None,
}
