---
source: minijinja/tests/test_templates.rs
expression: "&rendered"
input_file: minijinja/tests/inputs/loop_unpacking.txt

---
<ul>

  <li>1 + 2 = ?

  <li>3 - 4 = ?

</ul>

=====

Template {
    name: "loop_unpacking.txt",
    instructions: [
        00000 | EMIT_RAW (string "<ul>\n")  [line 1],
        00001 | LOOKUP (var "seq")  [line 2],
        00002 | PUSH_LOOP (loop var: true),
        00003 | ITERATE (exit to 00014),
        00004 | UNPACK_LIST (2 items),
        00005 | STORE_LOCAL (var "op"),
        00006 | UNPACK_LIST (2 items),
        00007 | STORE_LOCAL (var "a"),
        00008 | STORE_LOCAL (var "b"),
        00009 | EMIT_RAW (string "\n  <li>"),
        0000a | LOOKUP (var "a")  [line 3],
        0000b | EMIT,
        0000c | EMIT_RAW (string " "),
        0000d | LOOKUP (var "op"),
        0000e | EMIT,
        0000f | EMIT_RAW (string " "),
        00010 | LOOKUP (var "b"),
        00011 | EMIT,
        00012 | EMIT_RAW (string " = ?\n"),
        00013 | JUMP (to 00003),
        00014 | POP_FRAME,
        00015 | EMIT_RAW (string "\n</ul>\n")  [line 4],
    ],
    blocks: {},
    initial_auto_escape: None,
}
