---
source: minijinja/tests/test_parser.rs
description: "{% for (a, b), c in seq %}...{% endfor %}"
input_file: minijinja/tests/parser-inputs/for_loop_unpack.txt
---
Ok(
    Template {
        children: [
            ForLoop {
                target: List {
                    items: [
                        List {
                            items: [
                                Var {
                                    id: "a",
                                } @ 1:8-1:9,
                                Var {
                                    id: "b",
                                } @ 1:11-1:12,
                            ],
                        } @ 1:8-1:12,
                        Var {
                            id: "c",
                        } @ 1:15-1:16,
                    ],
                } @ 1:7-1:16,
                iter: Var {
                    id: "seq",
                } @ 1:20-1:23,
                filter_expr: None,
                recursive: false,
                body: [
                    EmitRaw {
                        raw: "...",
                    } @ 1:26-1:29,
                ],
                else_body: [],
            } @ 1:3-1:38,
        ],
    } @ 0:0-1:41,
)
