---
source: minijinja/tests/test_templates.rs
expression: "&rendered"
input_file: minijinja/tests/inputs/getattr.txt

---
name: Peter
active: true

=====

Template {
    name: "getattr.txt",
    instructions: [
        00000 | EMIT_RAW (string "name: ")   [getattr.txt:1],
        00001 | LOOKUP (var "user")   [getattr.txt:1],
        00002 | GETATTR (key "name")   [getattr.txt:1],
        00003 | EMIT   [getattr.txt:1],
        00004 | EMIT_RAW (string "\nactive: ")   [getattr.txt:1],
        00005 | LOOKUP (var "user")   [getattr.txt:2],
        00006 | GETATTR (key "is_active")   [getattr.txt:2],
        00007 | EMIT   [getattr.txt:2],
        00008 | EMIT_RAW (string "\n")   [getattr.txt:2],
    ],
    blocks: {},
    initial_auto_escape: None,
}
