---
source: minijinja/tests/test_lexer.rs
description: "{{ (a + b) * (c - d) / e % f // g ~ h }}"
input_file: minijinja/tests/lexer-inputs/operators.txt
---
VariableStart
  "{{"
ParenOpen
  "("
Ident("a")
  "a"
Plus
  "+"
Ident("b")
  "b"
ParenClose
  ")"
Mul
  "*"
ParenOpen
  "("
Ident("c")
  "c"
Minus
  "-"
Ident("d")
  "d"
ParenClose
  ")"
Div
  "/"
Ident("e")
  "e"
Mod
  "%"
Ident("f")
  "f"
FloorDiv
  "//"
Ident("g")
  "g"
Tilde
  "~"
Ident("h")
  "h"
VariableEnd
  "}}"
