---
source: minijinja/tests/test_templates.rs
expression: "&rendered"
input_file: minijinja/tests/inputs/autoescape.html

---
&lt;foo&gt;
&lt;foo&gt;
<foo>
&lt;foo&gt;
<foo>
=====

Template {
    name: "autoescape.html",
    instructions: [
        00000 | LOOKUP (var "unsafe")  [line 1],
        00001 | EMIT,
        00002 | EMIT_RAW (string "\n"),
        00003 | LOAD_CONST (value true)  [line 2],
        00004 | PUSH_AUTO_ESCAPE,
        00005 | LOOKUP (var "unsafe"),
        00006 | EMIT,
        00007 | POP_AUTO_ESCAPE,
        00008 | EMIT_RAW (string "\n"),
        00009 | LOAD_CONST (value false)  [line 3],
        0000a | PUSH_AUTO_ESCAPE,
        0000b | LOOKUP (var "unsafe"),
        0000c | EMIT,
        0000d | POP_AUTO_ESCAPE,
        0000e | EMIT_RAW (string "\n"),
        0000f | LOAD_CONST (value "html")  [line 4],
        00010 | PUSH_AUTO_ESCAPE,
        00011 | LOOKUP (var "unsafe"),
        00012 | EMIT,
        00013 | POP_AUTO_ESCAPE,
        00014 | EMIT_RAW (string "\n"),
        00015 | LOAD_CONST (value "none")  [line 5],
        00016 | PUSH_AUTO_ESCAPE,
        00017 | LOOKUP (var "unsafe"),
        00018 | EMIT,
        00019 | POP_AUTO_ESCAPE,
    ],
    blocks: {},
    initial_auto_escape: Html,
}
