---
source: minijinja/tests/test_templates.rs
description: "{% extends \"bad_basic_block.txt\" %}\n{% block title %}My Title{% endblock %}"
info: {}
input_file: minijinja/tests/inputs/err_bad_basic_block.txt
---
!!!ERROR!!!

Error {
    kind: EvalBlock,
    detail: "error in local block \"body\"",
    name: "bad_basic_block.txt",
    line: 2,
    source: Error {
        kind: UnknownFunction,
        detail: "missing_function is unknown",
        name: "bad_basic_block.txt",
        line: 3,
    },
}

could not render block: error in local block "body" (in bad_basic_block.txt:2)
---------------------------- Template Source -----------------------------
   1 | <title>{% block title %}default title{% endblock %}</title>
   2 > {% block body %}
   3 |   {{ missing_function() }}
   4 | {% endblock %}
--------------------------------------------------------------------------
Referenced variables:
--------------------------------------------------------------------------

caused by: unknown function: missing_function is unknown (in bad_basic_block.txt:3)
---------------------------- Template Source -----------------------------
   1 | <title>{% block title %}default title{% endblock %}</title>
   2 | {% block body %}
   3 >   {{ missing_function() }}
     i      ^^^^^^^^^^^^^^^^^^ unknown function
   4 | {% endblock %}
--------------------------------------------------------------------------
Referenced variables: {
    missing_function: Undefined,
}
--------------------------------------------------------------------------

