---
source: minijinja/tests/test_templates.rs
expression: "&rendered"
input_file: minijinja/tests/inputs/loop_var.txt

---

  a (1 of 4)
    first=true
    last=false
    revindex=4
    revindex0=3
    cycle=odd

  b (2 of 4)
    first=false
    last=false
    revindex=3
    revindex0=2
    cycle=even

  c (3 of 4)
    first=false
    last=false
    revindex=2
    revindex0=1
    cycle=odd

  d (4 of 4)
    first=false
    last=true
    revindex=1
    revindex0=0
    cycle=even


=====

Template {
    name: "loop_var.txt",
    instructions: [
        00000 | LOOKUP (var "seq")  [line 1],
        00001 | PUSH_LOOP (loop var: true),
        00002 | ITERATE (exit to 00028),
        00003 | STORE_LOCAL (var "item"),
        00004 | EMIT_RAW (string "\n  "),
        00005 | LOOKUP (var "item")  [line 2],
        00006 | EMIT,
        00007 | EMIT_RAW (string " ("),
        00008 | LOOKUP (var "loop"),
        00009 | GETATTR (key "index"),
        0000a | EMIT,
        0000b | EMIT_RAW (string " of "),
        0000c | LOOKUP (var "loop"),
        0000d | GETATTR (key "length"),
        0000e | EMIT,
        0000f | EMIT_RAW (string ")\n    first="),
        00010 | LOOKUP (var "loop")  [line 3],
        00011 | GETATTR (key "first"),
        00012 | EMIT,
        00013 | EMIT_RAW (string "\n    last="),
        00014 | LOOKUP (var "loop")  [line 4],
        00015 | GETATTR (key "last"),
        00016 | EMIT,
        00017 | EMIT_RAW (string "\n    revindex="),
        00018 | LOOKUP (var "loop")  [line 5],
        00019 | GETATTR (key "revindex"),
        0001a | EMIT,
        0001b | EMIT_RAW (string "\n    revindex0="),
        0001c | LOOKUP (var "loop")  [line 6],
        0001d | GETATTR (key "revindex0"),
        0001e | EMIT,
        0001f | EMIT_RAW (string "\n    cycle="),
        00020 | LOOKUP (var "loop")  [line 7],
        00021 | LOAD_CONST (value "odd"),
        00022 | LOAD_CONST (value "even"),
        00023 | BUILD_LIST (2 items),
        00024 | CALL_METHOD (name "cycle"),
        00025 | EMIT,
        00026 | EMIT_RAW (string "\n"),
        00027 | JUMP (to 00002),
        00028 | POP_FRAME,
        00029 | EMIT_RAW (string "\n")  [line 8],
    ],
    blocks: {},
    initial_auto_escape: None,
}
