---
source: minijinja/tests/test_templates.rs
description: "{{ dict(d) }}\n{{ dict(x=1, y=2) }}\n{{ dict(d, c=3)}}\n{% for _ in [1] %}{{ dict(loop, extra=2)|dictsort }}{% endfor %}"
info:
  d:
    a: 1
    b: 2
input_file: minijinja/tests/inputs/dict.txt
---
{"a": 1, "b": 2}
{"x": 1, "y": 2}
{"a": 1, "b": 2, "c": 3}
[["depth", 1], ["depth0", 0], ["extra", 2], ["first", true], ["index", 1], ["index0", 0], ["last", true], ["length", 1], ["nextitem", undefined], ["previtem", undefined], ["revindex", 1], ["revindex0", 0]]

