---
source: minijinja/tests/test_templates.rs
expression: "&rendered"
input_file: minijinja/tests/inputs/filter.txt

---
FOO BAR BAZ

=====

Template {
    name: "filter.txt",
    instructions: [
        00000 | LOOKUP (var "value")   [filter.txt:1],
        00001 | BUILD_LIST (0 items)   [filter.txt:1],
        00002 | APPLY_FILTER (name "upper")   [filter.txt:1],
        00003 | EMIT   [filter.txt:1],
        00004 | EMIT_RAW (string "\n")   [filter.txt:1],
    ],
    blocks: {},
    initial_auto_escape: None,
}
