---
source: minijinja/tests/test_templates.rs
expression: "&rendered"
input_file: minijinja/tests/inputs/block.txt

---
<title></title>
foo

=====

Template {
    name: "block.txt",
    instructions: [
        00000 | EMIT_RAW (string "<title>")  [line 1],
        00001 | CALL_BLOCK (name "title"),
        00002 | EMIT_RAW (string "</title>\n"),
        00003 | CALL_BLOCK (name "body")  [line 2],
        00004 | EMIT_RAW (string "\n"),
    ],
    blocks: {
        "body": [
            00000 | LOOKUP (var "var")  [line 2],
            00001 | EMIT,
        ],
        "title": [],
    },
    initial_auto_escape: None,
}
