---
source: minijinja/tests/test_templates.rs
expression: "&rendered"
input_file: minijinja/tests/inputs/undefined.txt

---
none


=====

Template {
    name: "undefined.txt",
    instructions: [
        00000 | LOAD_CONST (value None)  [line 1],
        00001 | EMIT,
        00002 | EMIT_RAW (string "\n"),
        00003 | LOOKUP (var "undefined")  [line 2],
        00004 | EMIT,
        00005 | EMIT_RAW (string "\n"),
    ],
    blocks: {},
    initial_auto_escape: None,
}
