---
source: minijinja/tests/test_templates.rs
expression: "&rendered"
input_file: minijinja/tests/inputs/if_cond.txt

---

  was true


=====

Template {
    name: "if_cond.txt",
    instructions: [
        00000 | LOOKUP (var "value")   [if_cond.txt:1],
        00001 | JUMP_IF_FALSE (to 00003)   [if_cond.txt:1],
        00002 | EMIT_RAW (string "\n  was true\n")   [if_cond.txt:1],
        00003 | EMIT_RAW (string "\n")   [if_cond.txt:3],
    ],
    blocks: {},
    initial_auto_escape: None,
}
