---
source: tests/test_templates.rs
expression: "&rendered"
input_file: tests/inputs/autoescape.html

---
&lt;foo&gt;
&lt;foo&gt;
<foo>
&lt;foo&gt;
<foo>

=====

Template {
    name: "autoescape.html",
    instructions: [
        00000 | LOOKUP (var "unsafe")   [<unknown>:1],
        00001 | EMIT   [<unknown>:1],
        00002 | EMIT_RAW (string "\n")   [<unknown>:1],
        00003 | LOAD_CONST (value true)   [<unknown>:2],
        00004 | PUSH_AUTO_ESCAPE   [<unknown>:2],
        00005 | LOOKUP (var "unsafe")   [<unknown>:2],
        00006 | EMIT   [<unknown>:2],
        00007 | POP_AUTO_ESCAPE   [<unknown>:2],
        00008 | EMIT_RAW (string "\n")   [<unknown>:2],
        00009 | LOAD_CONST (value false)   [<unknown>:3],
        0000a | PUSH_AUTO_ESCAPE   [<unknown>:3],
        0000b | LOOKUP (var "unsafe")   [<unknown>:3],
        0000c | EMIT   [<unknown>:3],
        0000d | POP_AUTO_ESCAPE   [<unknown>:3],
        0000e | EMIT_RAW (string "\n")   [<unknown>:3],
        0000f | LOAD_CONST (value "html")   [<unknown>:4],
        00010 | PUSH_AUTO_ESCAPE   [<unknown>:4],
        00011 | LOOKUP (var "unsafe")   [<unknown>:4],
        00012 | EMIT   [<unknown>:4],
        00013 | POP_AUTO_ESCAPE   [<unknown>:4],
        00014 | EMIT_RAW (string "\n")   [<unknown>:4],
        00015 | LOAD_CONST (value "none")   [<unknown>:5],
        00016 | PUSH_AUTO_ESCAPE   [<unknown>:5],
        00017 | LOOKUP (var "unsafe")   [<unknown>:5],
        00018 | EMIT   [<unknown>:5],
        00019 | POP_AUTO_ESCAPE   [<unknown>:5],
        0001a | EMIT_RAW (string "\n")   [<unknown>:5],
    ],
    blocks: {},
    initial_auto_escape: Html,
}
