---
source: tests/test_templates.rs
expression: "&rendered"
input_file: tests/inputs/loop_else.txt

---

  else block!


=====

Template {
    name: "loop_else.txt",
    instructions: [
        00000 | LOOKUP (var "seq")   [<unknown>:1],
        00001 | PUSH_LOOP (loop var: true)   [<unknown>:1],
        00002 | ITERATE (exit to 00006)   [<unknown>:1],
        00003 | STORE_LOCAL (var "item")   [<unknown>:1],
        00004 | EMIT_RAW (string "\n  should not happen\n")   [<unknown>:1],
        00005 | JUMP (to 00002)   [<unknown>:1],
        00006 | LOOKUP (var "loop")   [<unknown>:1],
        00007 | GETATTR (key "index0")   [<unknown>:1],
        00008 | LOAD_CONST (value 0)   [<unknown>:1],
        00009 | EQ   [<unknown>:1],
        0000a | POP_FRAME   [<unknown>:1],
        0000b | JUMP_IF_FALSE (to 0000d)   [<unknown>:1],
        0000c | EMIT_RAW (string "\n  else block!\n")   [<unknown>:3],
        0000d | EMIT_RAW (string "\n")   [<unknown>:5],
    ],
    blocks: {},
    initial_auto_escape: None,
}
