---
source: tests/test_templates.rs
expression: "&rendered"
input_file: tests/inputs/block.txt

---
<title></title>
foo

=====

Template {
    name: "block.txt",
    instructions: [
        00000 | EMIT_RAW (string "<title>")   [<unknown>:1],
        00001 | CALL_BLOCK (name "title")   [<unknown>:1],
        00002 | EMIT_RAW (string "</title>\n")   [<unknown>:1],
        00003 | CALL_BLOCK (name "body")   [<unknown>:2],
        00004 | EMIT_RAW (string "\n")   [<unknown>:2],
    ],
    blocks: {
        "body": [
            00000 | LOOKUP (var "var")   [<unknown>:2],
            00001 | EMIT   [<unknown>:2],
        ],
        "title": [],
    },
    initial_auto_escape: None,
}
