---
source: tests/test_templates.rs
expression: "&rendered"
input_file: tests/inputs/map.txt

---
bar

=====

Template {
    name: "map.txt",
    instructions: [
        00000 | LOAD_CONST (value "foo")   [<unknown>:1],
        00001 | LOAD_CONST (value "bar")   [<unknown>:1],
        00002 | BUILD_MAP (1 pairs)   [<unknown>:1],
        00003 | GETATTR (key "foo")   [<unknown>:1],
        00004 | EMIT   [<unknown>:1],
        00005 | EMIT_RAW (string "\n")   [<unknown>:1],
    ],
    blocks: {},
    initial_auto_escape: None,
}
