---
source: tests/test_compiler.rs
expression: "&c"

---
Compiler {
    instructions: [
        00000 | LOAD_CONST (value "a")   [<unknown>:0],
        00001 | LOAD_CONST (value 42)   [<unknown>:0],
        00002 | STRING_CONCAT   [<unknown>:0],
    ],
    blocks: {},
    pending_block: [],
    current_file: "<unknown>",
    current_line: 0,
}
